[     417ms] [LOG] [tenantService] rowToTenant INPUT: {slug: gpsthailand, data.theme: Object, data.theme.primaryColor: #ff8800, full row.data keys: Array(13)} @ https://gpsthailand.centerlink.co.th/assets/index-VNRb2XwN.js:236
[     418ms] [LOG] [tenantService] rowToTenant OUTPUT: {slug: gpsthailand, theme.primaryColor: #ff8800, theme exists: true} @ https://gpsthailand.centerlink.co.th/assets/index-VNRb2XwN.js:236
[   17781ms] [LOG] [LayoutV2] Applying brand colors: {tenantTheme.primaryColor: #ff8800, slug: gpsthailand, finalColor: #ff8800, tenantLoading: false} @ https://gpsthailand.centerlink.co.th/assets/LayoutV2-B7DEqv4I.js:21
[  160810ms] [ERROR] Failed to load resource: the server responded with a status of 404 () @ https://api.centerlink.co.th/api/events?deviceId=205&from=2026-08-25T17:00:00.000Z&to=2026-08-26T16:59:59.999Z:0
[  161919ms] [ERROR] Failed to load resource: the server responded with a status of 404 () @ https://api.centerlink.co.th/api/events?deviceId=205&from=2026-08-25T17:00:00.000Z&to=2026-08-26T16:59:59.999Z:0
[  164025ms] [ERROR] Failed to load resource: the server responded with a status of 404 () @ https://api.centerlink.co.th/api/events?deviceId=205&from=2026-08-25T17:00:00.000Z&to=2026-08-26T16:59:59.999Z:0
[  194189ms] [ERROR] Failed to load resource: the server responded with a status of 404 () @ https://api.centerlink.co.th/api/events?deviceId=205&from=2026-08-25T17:00:00.000Z&to=2026-08-26T16:59:59.999Z:0
[  195304ms] [ERROR] Failed to load resource: the server responded with a status of 404 () @ https://api.centerlink.co.th/api/events?deviceId=205&from=2026-08-25T17:00:00.000Z&to=2026-08-26T16:59:59.999Z:0
[  197480ms] [ERROR] Failed to load resource: the server responded with a status of 404 () @ https://api.centerlink.co.th/api/events?deviceId=205&from=2026-08-25T17:00:00.000Z&to=2026-08-26T16:59:59.999Z:0
[  227594ms] [ERROR] Failed to load resource: the server responded with a status of 404 () @ https://api.centerlink.co.th/api/events?deviceId=205&from=2026-08-25T17:00:00.000Z&to=2026-08-26T16:59:59.999Z:0
[  228721ms] [ERROR] Failed to load resource: the server responded with a status of 404 () @ https://api.centerlink.co.th/api/events?deviceId=205&from=2026-08-25T17:00:00.000Z&to=2026-08-26T16:59:59.999Z:0
[  230849ms] [ERROR] Failed to load resource: the server responded with a status of 404 () @ https://api.centerlink.co.th/api/events?deviceId=205&from=2026-08-25T17:00:00.000Z&to=2026-08-26T16:59:59.999Z:0
[  260983ms] [ERROR] Failed to load resource: the server responded with a status of 404 () @ https://api.centerlink.co.th/api/events?deviceId=205&from=2026-08-25T17:00:00.000Z&to=2026-08-26T16:59:59.999Z:0
[  262083ms] [ERROR] Failed to load resource: the server responded with a status of 404 () @ https://api.centerlink.co.th/api/events?deviceId=205&from=2026-08-25T17:00:00.000Z&to=2026-08-26T16:59:59.999Z:0
[  264203ms] [ERROR] Failed to load resource: the server responded with a status of 404 () @ https://api.centerlink.co.th/api/events?deviceId=205&from=2026-08-25T17:00:00.000Z&to=2026-08-26T16:59:59.999Z:0
[  294316ms] [ERROR] Failed to load resource: the server responded with a status of 404 () @ https://api.centerlink.co.th/api/events?deviceId=205&from=2026-08-25T17:00:00.000Z&to=2026-08-26T16:59:59.999Z:0
[  295468ms] [ERROR] Failed to load resource: the server responded with a status of 404 () @ https://api.centerlink.co.th/api/events?deviceId=205&from=2026-08-25T17:00:00.000Z&to=2026-08-26T16:59:59.999Z:0
[  297658ms] [ERROR] Failed to load resource: the server responded with a status of 404 () @ https://api.centerlink.co.th/api/events?deviceId=205&from=2026-08-25T17:00:00.000Z&to=2026-08-26T16:59:59.999Z:0
[  327809ms] [ERROR] Failed to load resource: the server responded with a status of 404 () @ https://api.centerlink.co.th/api/events?deviceId=205&from=2026-08-25T17:00:00.000Z&to=2026-08-26T16:59:59.999Z:0
[  328921ms] [ERROR] Failed to load resource: the server responded with a status of 404 () @ https://api.centerlink.co.th/api/events?deviceId=205&from=2026-08-25T17:00:00.000Z&to=2026-08-26T16:59:59.999Z:0
[  331022ms] [ERROR] Failed to load resource: the server responded with a status of 404 () @ https://api.centerlink.co.th/api/events?deviceId=205&from=2026-08-25T17:00:00.000Z&to=2026-08-26T16:59:59.999Z:0
[  361142ms] [ERROR] Failed to load resource: the server responded with a status of 404 () @ https://api.centerlink.co.th/api/events?deviceId=205&from=2026-08-25T17:00:00.000Z&to=2026-08-26T16:59:59.999Z:0
[  362290ms] [ERROR] Failed to load resource: the server responded with a status of 404 () @ https://api.centerlink.co.th/api/events?deviceId=205&from=2026-08-25T17:00:00.000Z&to=2026-08-26T16:59:59.999Z:0
[  364388ms] [ERROR] Failed to load resource: the server responded with a status of 404 () @ https://api.centerlink.co.th/api/events?deviceId=205&from=2026-08-25T17:00:00.000Z&to=2026-08-26T16:59:59.999Z:0
[  394540ms] [ERROR] Failed to load resource: the server responded with a status of 404 () @ https://api.centerlink.co.th/api/events?deviceId=205&from=2026-08-25T17:00:00.000Z&to=2026-08-26T16:59:59.999Z:0
[  395670ms] [ERROR] Failed to load resource: the server responded with a status of 404 () @ https://api.centerlink.co.th/api/events?deviceId=205&from=2026-08-25T17:00:00.000Z&to=2026-08-26T16:59:59.999Z:0
[  397813ms] [ERROR] Failed to load resource: the server responded with a status of 404 () @ https://api.centerlink.co.th/api/events?deviceId=205&from=2026-08-25T17:00:00.000Z&to=2026-08-26T16:59:59.999Z:0
[  427968ms] [ERROR] Failed to load resource: the server responded with a status of 404 () @ https://api.centerlink.co.th/api/events?deviceId=205&from=2026-08-25T17:00:00.000Z&to=2026-08-26T16:59:59.999Z:0
[  429119ms] [ERROR] Failed to load resource: the server responded with a status of 404 () @ https://api.centerlink.co.th/api/events?deviceId=205&from=2026-08-25T17:00:00.000Z&to=2026-08-26T16:59:59.999Z:0
[  431285ms] [ERROR] Failed to load resource: the server responded with a status of 404 () @ https://api.centerlink.co.th/api/events?deviceId=205&from=2026-08-25T17:00:00.000Z&to=2026-08-26T16:59:59.999Z:0
[  461396ms] [ERROR] Failed to load resource: the server responded with a status of 404 () @ https://api.centerlink.co.th/api/events?deviceId=205&from=2026-08-25T17:00:00.000Z&to=2026-08-26T16:59:59.999Z:0
[  462551ms] [ERROR] Failed to load resource: the server responded with a status of 404 () @ https://api.centerlink.co.th/api/events?deviceId=205&from=2026-08-25T17:00:00.000Z&to=2026-08-26T16:59:59.999Z:0
[  464710ms] [ERROR] Failed to load resource: the server responded with a status of 404 () @ https://api.centerlink.co.th/api/events?deviceId=205&from=2026-08-25T17:00:00.000Z&to=2026-08-26T16:59:59.999Z:0
[  495000ms] [ERROR] Failed to load resource: the server responded with a status of 404 () @ https://api.centerlink.co.th/api/events?deviceId=205&from=2026-08-25T17:00:00.000Z&to=2026-08-26T16:59:59.999Z:0
[  496143ms] [ERROR] Failed to load resource: the server responded with a status of 404 () @ https://api.centerlink.co.th/api/events?deviceId=205&from=2026-08-25T17:00:00.000Z&to=2026-08-26T16:59:59.999Z:0
[  498259ms] [ERROR] Failed to load resource: the server responded with a status of 404 () @ https://api.centerlink.co.th/api/events?deviceId=205&from=2026-08-25T17:00:00.000Z&to=2026-08-26T16:59:59.999Z:0
[  528397ms] [ERROR] Failed to load resource: the server responded with a status of 404 () @ https://api.centerlink.co.th/api/events?deviceId=205&from=2026-08-25T17:00:00.000Z&to=2026-08-26T16:59:59.999Z:0
[  529606ms] [ERROR] Failed to load resource: the server responded with a status of 404 () @ https://api.centerlink.co.th/api/events?deviceId=205&from=2026-08-25T17:00:00.000Z&to=2026-08-26T16:59:59.999Z:0
[  531814ms] [ERROR] Failed to load resource: the server responded with a status of 404 () @ https://api.centerlink.co.th/api/events?deviceId=205&from=2026-08-25T17:00:00.000Z&to=2026-08-26T16:59:59.999Z:0
[  561928ms] [ERROR] Failed to load resource: the server responded with a status of 404 () @ https://api.centerlink.co.th/api/events?deviceId=205&from=2026-08-25T17:00:00.000Z&to=2026-08-26T16:59:59.999Z:0
[  563028ms] [ERROR] Failed to load resource: the server responded with a status of 404 () @ https://api.centerlink.co.th/api/events?deviceId=205&from=2026-08-25T17:00:00.000Z&to=2026-08-26T16:59:59.999Z:0
[  565143ms] [ERROR] Failed to load resource: the server responded with a status of 404 () @ https://api.centerlink.co.th/api/events?deviceId=205&from=2026-08-25T17:00:00.000Z&to=2026-08-26T16:59:59.999Z:0
[  595298ms] [ERROR] Failed to load resource: the server responded with a status of 404 () @ https://api.centerlink.co.th/api/events?deviceId=205&from=2026-08-25T17:00:00.000Z&to=2026-08-26T16:59:59.999Z:0
[  596441ms] [ERROR] Failed to load resource: the server responded with a status of 404 () @ https://api.centerlink.co.th/api/events?deviceId=205&from=2026-08-25T17:00:00.000Z&to=2026-08-26T16:59:59.999Z:0
[  598566ms] [ERROR] Failed to load resource: the server responded with a status of 404 () @ https://api.centerlink.co.th/api/events?deviceId=205&from=2026-08-25T17:00:00.000Z&to=2026-08-26T16:59:59.999Z:0
[  628732ms] [ERROR] Failed to load resource: the server responded with a status of 404 () @ https://api.centerlink.co.th/api/events?deviceId=205&from=2026-08-25T17:00:00.000Z&to=2026-08-26T16:59:59.999Z:0
[  629869ms] [ERROR] Failed to load resource: the server responded with a status of 404 () @ https://api.centerlink.co.th/api/events?deviceId=205&from=2026-08-25T17:00:00.000Z&to=2026-08-26T16:59:59.999Z:0
[  631968ms] [ERROR] Failed to load resource: the server responded with a status of 404 () @ https://api.centerlink.co.th/api/events?deviceId=205&from=2026-08-25T17:00:00.000Z&to=2026-08-26T16:59:59.999Z:0
[  662308ms] [ERROR] Failed to load resource: the server responded with a status of 404 () @ https://api.centerlink.co.th/api/events?deviceId=205&from=2026-08-25T17:00:00.000Z&to=2026-08-26T16:59:59.999Z:0
[  663476ms] [ERROR] Failed to load resource: the server responded with a status of 404 () @ https://api.centerlink.co.th/api/events?deviceId=205&from=2026-08-25T17:00:00.000Z&to=2026-08-26T16:59:59.999Z:0
[  665807ms] [ERROR] Failed to load resource: the server responded with a status of 404 () @ https://api.centerlink.co.th/api/events?deviceId=205&from=2026-08-25T17:00:00.000Z&to=2026-08-26T16:59:59.999Z:0
[  695907ms] [ERROR] Failed to load resource: the server responded with a status of 404 () @ https://api.centerlink.co.th/api/events?deviceId=205&from=2026-08-25T17:00:00.000Z&to=2026-08-26T16:59:59.999Z:0
[  697003ms] [ERROR] Failed to load resource: the server responded with a status of 404 () @ https://api.centerlink.co.th/api/events?deviceId=205&from=2026-08-25T17:00:00.000Z&to=2026-08-26T16:59:59.999Z:0
[  699116ms] [ERROR] Failed to load resource: the server responded with a status of 404 () @ https://api.centerlink.co.th/api/events?deviceId=205&from=2026-08-25T17:00:00.000Z&to=2026-08-26T16:59:59.999Z:0
[  729256ms] [ERROR] Failed to load resource: the server responded with a status of 404 () @ https://api.centerlink.co.th/api/events?deviceId=205&from=2026-08-25T17:00:00.000Z&to=2026-08-26T16:59:59.999Z:0
[  730493ms] [ERROR] Failed to load resource: the server responded with a status of 404 () @ https://api.centerlink.co.th/api/events?deviceId=205&from=2026-08-25T17:00:00.000Z&to=2026-08-26T16:59:59.999Z:0
[  732609ms] [ERROR] Failed to load resource: the server responded with a status of 404 () @ https://api.centerlink.co.th/api/events?deviceId=205&from=2026-08-25T17:00:00.000Z&to=2026-08-26T16:59:59.999Z:0
[  762723ms] [ERROR] Failed to load resource: the server responded with a status of 404 () @ https://api.centerlink.co.th/api/events?deviceId=205&from=2026-08-25T17:00:00.000Z&to=2026-08-26T16:59:59.999Z:0
[  763836ms] [ERROR] Failed to load resource: the server responded with a status of 404 () @ https://api.centerlink.co.th/api/events?deviceId=205&from=2026-08-25T17:00:00.000Z&to=2026-08-26T16:59:59.999Z:0
[  765925ms] [ERROR] Failed to load resource: the server responded with a status of 404 () @ https://api.centerlink.co.th/api/events?deviceId=205&from=2026-08-25T17:00:00.000Z&to=2026-08-26T16:59:59.999Z:0
[  796030ms] [ERROR] Failed to load resource: the server responded with a status of 404 () @ https://api.centerlink.co.th/api/events?deviceId=205&from=2026-08-25T17:00:00.000Z&to=2026-08-26T16:59:59.999Z:0
[  797136ms] [ERROR] Failed to load resource: the server responded with a status of 404 () @ https://api.centerlink.co.th/api/events?deviceId=205&from=2026-08-25T17:00:00.000Z&to=2026-08-26T16:59:59.999Z:0
[  799249ms] [ERROR] Failed to load resource: the server responded with a status of 404 () @ https://api.centerlink.co.th/api/events?deviceId=205&from=2026-08-25T17:00:00.000Z&to=2026-08-26T16:59:59.999Z:0
[  829427ms] [ERROR] Failed to load resource: the server responded with a status of 404 () @ https://api.centerlink.co.th/api/events?deviceId=205&from=2026-08-25T17:00:00.000Z&to=2026-08-26T16:59:59.999Z:0
[  830687ms] [ERROR] Failed to load resource: the server responded with a status of 404 () @ https://api.centerlink.co.th/api/events?deviceId=205&from=2026-08-25T17:00:00.000Z&to=2026-08-26T16:59:59.999Z:0
[  832808ms] [ERROR] Failed to load resource: the server responded with a status of 404 () @ https://api.centerlink.co.th/api/events?deviceId=205&from=2026-08-25T17:00:00.000Z&to=2026-08-26T16:59:59.999Z:0
[  862967ms] [ERROR] Failed to load resource: the server responded with a status of 404 () @ https://api.centerlink.co.th/api/events?deviceId=205&from=2026-08-25T17:00:00.000Z&to=2026-08-26T16:59:59.999Z:0
[  864080ms] [ERROR] Failed to load resource: the server responded with a status of 404 () @ https://api.centerlink.co.th/api/events?deviceId=205&from=2026-08-25T17:00:00.000Z&to=2026-08-26T16:59:59.999Z:0
[  866197ms] [ERROR] Failed to load resource: the server responded with a status of 404 () @ https://api.centerlink.co.th/api/events?deviceId=205&from=2026-08-25T17:00:00.000Z&to=2026-08-26T16:59:59.999Z:0
[  896323ms] [ERROR] Failed to load resource: the server responded with a status of 404 () @ https://api.centerlink.co.th/api/events?deviceId=205&from=2026-08-25T17:00:00.000Z&to=2026-08-26T16:59:59.999Z:0
[  897537ms] [ERROR] Failed to load resource: the server responded with a status of 404 () @ https://api.centerlink.co.th/api/events?deviceId=205&from=2026-08-25T17:00:00.000Z&to=2026-08-26T16:59:59.999Z:0
[  899683ms] [ERROR] Failed to load resource: the server responded with a status of 404 () @ https://api.centerlink.co.th/api/events?deviceId=205&from=2026-08-25T17:00:00.000Z&to=2026-08-26T16:59:59.999Z:0
[  929806ms] [ERROR] Failed to load resource: the server responded with a status of 404 () @ https://api.centerlink.co.th/api/events?deviceId=205&from=2026-08-25T17:00:00.000Z&to=2026-08-26T16:59:59.999Z:0
[  930942ms] [ERROR] Failed to load resource: the server responded with a status of 404 () @ https://api.centerlink.co.th/api/events?deviceId=205&from=2026-08-25T17:00:00.000Z&to=2026-08-26T16:59:59.999Z:0
[  933098ms] [ERROR] Failed to load resource: the server responded with a status of 404 () @ https://api.centerlink.co.th/api/events?deviceId=205&from=2026-08-25T17:00:00.000Z&to=2026-08-26T16:59:59.999Z:0
[  963211ms] [ERROR] Failed to load resource: the server responded with a status of 404 () @ https://api.centerlink.co.th/api/events?deviceId=205&from=2026-08-25T17:00:00.000Z&to=2026-08-26T16:59:59.999Z:0
[  964360ms] [ERROR] Failed to load resource: the server responded with a status of 404 () @ https://api.centerlink.co.th/api/events?deviceId=205&from=2026-08-25T17:00:00.000Z&to=2026-08-26T16:59:59.999Z:0
[  966488ms] [ERROR] Failed to load resource: the server responded with a status of 404 () @ https://api.centerlink.co.th/api/events?deviceId=205&from=2026-08-25T17:00:00.000Z&to=2026-08-26T16:59:59.999Z:0
[  996655ms] [ERROR] Failed to load resource: the server responded with a status of 404 () @ https://api.centerlink.co.th/api/events?deviceId=205&from=2026-08-25T17:00:00.000Z&to=2026-08-26T16:59:59.999Z:0
[  997794ms] [ERROR] Failed to load resource: the server responded with a status of 404 () @ https://api.centerlink.co.th/api/events?deviceId=205&from=2026-08-25T17:00:00.000Z&to=2026-08-26T16:59:59.999Z:0
[ 1000144ms] [ERROR] Failed to load resource: the server responded with a status of 404 () @ https://api.centerlink.co.th/api/events?deviceId=205&from=2026-08-25T17:00:00.000Z&to=2026-08-26T16:59:59.999Z:0
[ 1030415ms] [ERROR] Failed to load resource: the server responded with a status of 404 () @ https://api.centerlink.co.th/api/events?deviceId=205&from=2026-08-25T17:00:00.000Z&to=2026-08-26T16:59:59.999Z:0
[ 1031527ms] [ERROR] Failed to load resource: the server responded with a status of 404 () @ https://api.centerlink.co.th/api/events?deviceId=205&from=2026-08-25T17:00:00.000Z&to=2026-08-26T16:59:59.999Z:0
[ 1033627ms] [ERROR] Failed to load resource: the server responded with a status of 404 () @ https://api.centerlink.co.th/api/events?deviceId=205&from=2026-08-25T17:00:00.000Z&to=2026-08-26T16:59:59.999Z:0
[ 1063758ms] [ERROR] Failed to load resource: the server responded with a status of 404 () @ https://api.centerlink.co.th/api/events?deviceId=205&from=2026-08-25T17:00:00.000Z&to=2026-08-26T16:59:59.999Z:0
[ 1064906ms] [ERROR] Failed to load resource: the server responded with a status of 404 () @ https://api.centerlink.co.th/api/events?deviceId=205&from=2026-08-25T17:00:00.000Z&to=2026-08-26T16:59:59.999Z:0
[ 1066998ms] [ERROR] Failed to load resource: the server responded with a status of 404 () @ https://api.centerlink.co.th/api/events?deviceId=205&from=2026-08-25T17:00:00.000Z&to=2026-08-26T16:59:59.999Z:0
[ 1097128ms] [ERROR] Failed to load resource: the server responded with a status of 404 () @ https://api.centerlink.co.th/api/events?deviceId=205&from=2026-08-25T17:00:00.000Z&to=2026-08-26T16:59:59.999Z:0
[ 1098248ms] [ERROR] Failed to load resource: the server responded with a status of 404 () @ https://api.centerlink.co.th/api/events?deviceId=205&from=2026-08-25T17:00:00.000Z&to=2026-08-26T16:59:59.999Z:0
[ 1100372ms] [ERROR] Failed to load resource: the server responded with a status of 404 () @ https://api.centerlink.co.th/api/events?deviceId=205&from=2026-08-25T17:00:00.000Z&to=2026-08-26T16:59:59.999Z:0
[ 1130481ms] [ERROR] Failed to load resource: the server responded with a status of 404 () @ https://api.centerlink.co.th/api/events?deviceId=205&from=2026-08-25T17:00:00.000Z&to=2026-08-26T16:59:59.999Z:0
[ 1131575ms] [ERROR] Failed to load resource: the server responded with a status of 404 () @ https://api.centerlink.co.th/api/events?deviceId=205&from=2026-08-25T17:00:00.000Z&to=2026-08-26T16:59:59.999Z:0
[ 1133717ms] [ERROR] Failed to load resource: the server responded with a status of 404 () @ https://api.centerlink.co.th/api/events?deviceId=205&from=2026-08-25T17:00:00.000Z&to=2026-08-26T16:59:59.999Z:0
[ 1163832ms] [ERROR] Failed to load resource: the server responded with a status of 404 () @ https://api.centerlink.co.th/api/events?deviceId=205&from=2026-08-25T17:00:00.000Z&to=2026-08-26T16:59:59.999Z:0
[ 1164940ms] [ERROR] Failed to load resource: the server responded with a status of 404 () @ https://api.centerlink.co.th/api/events?deviceId=205&from=2026-08-25T17:00:00.000Z&to=2026-08-26T16:59:59.999Z:0
[ 1167306ms] [ERROR] Failed to load resource: the server responded with a status of 404 () @ https://api.centerlink.co.th/api/events?deviceId=205&from=2026-08-25T17:00:00.000Z&to=2026-08-26T16:59:59.999Z:0
