[    2109ms] [LOG] [tenantService] rowToTenant INPUT: {slug: gpsthailand, data.theme: Object, data.theme.primaryColor: #ff8800, full row.data keys: Array(13)} @ https://gpsthailand.centerlink.co.th/assets/index-Bd6ORdVp-1787731954153.js:236
[    2109ms] [LOG] [tenantService] rowToTenant OUTPUT: {slug: gpsthailand, theme.primaryColor: #ff8800, theme exists: true} @ https://gpsthailand.centerlink.co.th/assets/index-Bd6ORdVp-1787731954153.js:236
[   31571ms] [LOG] [LayoutV2] Applying brand colors: {tenantTheme.primaryColor: #ff8800, slug: gpsthailand, finalColor: #ff8800, tenantLoading: false} @ https://gpsthailand.centerlink.co.th/assets/LayoutV2-Db7bkPvr-1787731954153.js:21
[   32576ms] [ERROR] Failed to load resource: the server responded with a status of 503 () @ https://api.centerlink.co.th/api/positions?deviceId=169:0
[   32580ms] [ERROR] Failed to load resource: the server responded with a status of 503 () @ https://api.centerlink.co.th/api/positions?deviceId=80:0
[   34760ms] [ERROR] Failed to load resource: the server responded with a status of 503 () @ https://api.centerlink.co.th/api/positions?deviceId=134:0
[   36506ms] [ERROR] Failed to load resource: the server responded with a status of 503 () @ https://api.centerlink.co.th/api/positions?deviceId=134:0
[   36510ms] [ERROR] Failed to load resource: the server responded with a status of 503 () @ https://api.centerlink.co.th/api/positions?deviceId=144:0
[   36615ms] [ERROR] Failed to load resource: the server responded with a status of 503 () @ https://api.centerlink.co.th/api/positions?deviceId=148:0
[   39123ms] [LOG] [DEBUG 86-0605] {deviceLastUpdate: 2026-08-26T08:11:54.467Z, gpsFixTime: 2026-08-23T00:37:55.000Z, comparison: device newer} @ https://gpsthailand.centerlink.co.th/assets/useDevices-BbLAVxHc-1787731954153.js:0
[   39126ms] [LOG] [DEBUG 86-0605] {deviceLastUpdate: 2026-08-26T08:11:54.467Z, gpsFixTime: 2026-08-23T00:37:55.000Z, comparison: device newer} @ https://gpsthailand.centerlink.co.th/assets/useDevices-BbLAVxHc-1787731954153.js:0
[   39217ms] [ERROR] Failed to load resource: the server responded with a status of 503 () @ https://api.centerlink.co.th/api/positions?deviceId=102:0
[   51845ms] [LOG] [DEBUG 86-0605] {deviceLastUpdate: 2026-08-26T08:11:54.467Z, gpsFixTime: 2026-08-23T00:37:55.000Z, comparison: device newer} @ https://gpsthailand.centerlink.co.th/assets/useDevices-BbLAVxHc-1787731954153.js:0
[   51848ms] [LOG] [DEBUG 86-0605] {deviceLastUpdate: 2026-08-26T08:11:54.467Z, gpsFixTime: 2026-08-23T00:37:55.000Z, comparison: device newer} @ https://gpsthailand.centerlink.co.th/assets/useDevices-BbLAVxHc-1787731954153.js:0
[   52253ms] [LOG] [DEBUG 86-0605] {deviceLastUpdate: 2026-08-26T08:11:54.467Z, gpsFixTime: 2026-08-23T00:37:55.000Z, comparison: device newer} @ https://gpsthailand.centerlink.co.th/assets/useDevices-BbLAVxHc-1787731954153.js:0
[   52254ms] [LOG] [DEBUG 86-0605] {deviceLastUpdate: 2026-08-26T08:11:54.467Z, gpsFixTime: 2026-08-23T00:37:55.000Z, comparison: device newer} @ https://gpsthailand.centerlink.co.th/assets/useDevices-BbLAVxHc-1787731954153.js:0
[   55455ms] [LOG] [DEBUG 86-0605] {deviceLastUpdate: 2026-08-26T08:11:54.467Z, gpsFixTime: 2026-08-23T00:37:55.000Z, comparison: device newer} @ https://gpsthailand.centerlink.co.th/assets/useDevices-BbLAVxHc-1787731954153.js:0
[   55456ms] [LOG] [DEBUG 86-0605] {deviceLastUpdate: 2026-08-26T08:11:54.467Z, gpsFixTime: 2026-08-23T00:37:55.000Z, comparison: device newer} @ https://gpsthailand.centerlink.co.th/assets/useDevices-BbLAVxHc-1787731954153.js:0
[   61894ms] [LOG] [DEBUG 86-0605] {deviceLastUpdate: 2026-08-26T08:11:54.467Z, gpsFixTime: 2026-08-23T00:37:55.000Z, comparison: device newer} @ https://gpsthailand.centerlink.co.th/assets/useDevices-BbLAVxHc-1787731954153.js:0
[   61897ms] [LOG] [DEBUG 86-0605] {deviceLastUpdate: 2026-08-26T08:11:54.467Z, gpsFixTime: 2026-08-23T00:37:55.000Z, comparison: device newer} @ https://gpsthailand.centerlink.co.th/assets/useDevices-BbLAVxHc-1787731954153.js:0
[   62124ms] [LOG] [DEBUG 86-0605] {deviceLastUpdate: 2026-08-26T08:11:54.467Z, gpsFixTime: 2026-08-23T00:37:55.000Z, comparison: device newer} @ https://gpsthailand.centerlink.co.th/assets/useDevices-BbLAVxHc-1787731954153.js:0
[   62125ms] [LOG] [DEBUG 86-0605] {deviceLastUpdate: 2026-08-26T08:11:54.467Z, gpsFixTime: 2026-08-23T00:37:55.000Z, comparison: device newer} @ https://gpsthailand.centerlink.co.th/assets/useDevices-BbLAVxHc-1787731954153.js:0
[   71955ms] [LOG] [DEBUG 86-0605] {deviceLastUpdate: 2026-08-26T08:11:54.467Z, gpsFixTime: 2026-08-23T00:37:55.000Z, comparison: device newer} @ https://gpsthailand.centerlink.co.th/assets/useDevices-BbLAVxHc-1787731954153.js:0
[   71958ms] [LOG] [DEBUG 86-0605] {deviceLastUpdate: 2026-08-26T08:11:54.467Z, gpsFixTime: 2026-08-23T00:37:55.000Z, comparison: device newer} @ https://gpsthailand.centerlink.co.th/assets/useDevices-BbLAVxHc-1787731954153.js:0
[   72243ms] [LOG] [DEBUG 86-0605] {deviceLastUpdate: 2026-08-26T08:11:54.467Z, gpsFixTime: 2026-08-23T00:37:55.000Z, comparison: device newer} @ https://gpsthailand.centerlink.co.th/assets/useDevices-BbLAVxHc-1787731954153.js:0
[   72245ms] [LOG] [DEBUG 86-0605] {deviceLastUpdate: 2026-08-26T08:11:54.467Z, gpsFixTime: 2026-08-23T00:37:55.000Z, comparison: device newer} @ https://gpsthailand.centerlink.co.th/assets/useDevices-BbLAVxHc-1787731954153.js:0
[   75173ms] [LOG] [DEBUG 86-0605] {deviceLastUpdate: 2026-08-26T08:11:54.467Z, gpsFixTime: 2026-08-23T00:37:55.000Z, comparison: device newer} @ https://gpsthailand.centerlink.co.th/assets/useDevices-BbLAVxHc-1787731954153.js:0
[   75176ms] [LOG] [DEBUG 86-0605] {deviceLastUpdate: 2026-08-26T08:11:54.467Z, gpsFixTime: 2026-08-23T00:37:55.000Z, comparison: device newer} @ https://gpsthailand.centerlink.co.th/assets/useDevices-BbLAVxHc-1787731954153.js:0
[   91579ms] [LOG] [DEBUG 86-0605] {deviceLastUpdate: 2026-08-26T08:11:54.467Z, gpsFixTime: 2026-08-23T00:37:55.000Z, comparison: device newer} @ https://gpsthailand.centerlink.co.th/assets/useDevices-BbLAVxHc-1787731954153.js:0
[   92079ms] [LOG] [DEBUG 86-0605] {deviceLastUpdate: 2026-08-26T08:11:54.467Z, gpsFixTime: 2026-08-23T00:37:55.000Z, comparison: device newer} @ https://gpsthailand.centerlink.co.th/assets/useDevices-BbLAVxHc-1787731954153.js:0
[   92084ms] [LOG] [DEBUG 86-0605] {deviceLastUpdate: 2026-08-26T08:11:54.467Z, gpsFixTime: 2026-08-23T00:37:55.000Z, comparison: device newer} @ https://gpsthailand.centerlink.co.th/assets/useDevices-BbLAVxHc-1787731954153.js:0
[   92369ms] [LOG] [DEBUG 86-0605] {deviceLastUpdate: 2026-08-26T08:11:54.467Z, gpsFixTime: 2026-08-23T00:37:55.000Z, comparison: device newer} @ https://gpsthailand.centerlink.co.th/assets/useDevices-BbLAVxHc-1787731954153.js:0
[   92371ms] [LOG] [DEBUG 86-0605] {deviceLastUpdate: 2026-08-26T08:11:54.467Z, gpsFixTime: 2026-08-23T00:37:55.000Z, comparison: device newer} @ https://gpsthailand.centerlink.co.th/assets/useDevices-BbLAVxHc-1787731954153.js:0
[   95382ms] [LOG] [DEBUG 86-0605] {deviceLastUpdate: 2026-08-26T08:11:54.467Z, gpsFixTime: 2026-08-23T00:37:55.000Z, comparison: device newer} @ https://gpsthailand.centerlink.co.th/assets/useDevices-BbLAVxHc-1787731954153.js:0
[   95384ms] [LOG] [DEBUG 86-0605] {deviceLastUpdate: 2026-08-26T08:11:54.467Z, gpsFixTime: 2026-08-23T00:37:55.000Z, comparison: device newer} @ https://gpsthailand.centerlink.co.th/assets/useDevices-BbLAVxHc-1787731954153.js:0
[  112211ms] [LOG] [DEBUG 86-0605] {deviceLastUpdate: 2026-08-26T08:11:54.467Z, gpsFixTime: 2026-08-23T00:37:55.000Z, comparison: device newer} @ https://gpsthailand.centerlink.co.th/assets/useDevices-BbLAVxHc-1787731954153.js:0
[  112219ms] [LOG] [DEBUG 86-0605] {deviceLastUpdate: 2026-08-26T08:11:54.467Z, gpsFixTime: 2026-08-23T00:37:55.000Z, comparison: device newer} @ https://gpsthailand.centerlink.co.th/assets/useDevices-BbLAVxHc-1787731954153.js:0
[  112473ms] [LOG] [DEBUG 86-0605] {deviceLastUpdate: 2026-08-26T08:11:54.467Z, gpsFixTime: 2026-08-23T00:37:55.000Z, comparison: device newer} @ https://gpsthailand.centerlink.co.th/assets/useDevices-BbLAVxHc-1787731954153.js:0
[  112475ms] [LOG] [DEBUG 86-0605] {deviceLastUpdate: 2026-08-26T08:11:54.467Z, gpsFixTime: 2026-08-23T00:37:55.000Z, comparison: device newer} @ https://gpsthailand.centerlink.co.th/assets/useDevices-BbLAVxHc-1787731954153.js:0
[  115569ms] [LOG] [DEBUG 86-0605] {deviceLastUpdate: 2026-08-26T08:11:54.467Z, gpsFixTime: 2026-08-23T00:37:55.000Z, comparison: device newer} @ https://gpsthailand.centerlink.co.th/assets/useDevices-BbLAVxHc-1787731954153.js:0
[  115572ms] [LOG] [DEBUG 86-0605] {deviceLastUpdate: 2026-08-26T08:11:54.467Z, gpsFixTime: 2026-08-23T00:37:55.000Z, comparison: device newer} @ https://gpsthailand.centerlink.co.th/assets/useDevices-BbLAVxHc-1787731954153.js:0
[  122247ms] [LOG] [DEBUG 86-0605] {deviceLastUpdate: 2026-08-26T08:11:54.467Z, gpsFixTime: 2026-08-23T00:37:55.000Z, comparison: device newer} @ https://gpsthailand.centerlink.co.th/assets/useDevices-BbLAVxHc-1787731954153.js:0
[  122250ms] [LOG] [DEBUG 86-0605] {deviceLastUpdate: 2026-08-26T08:11:54.467Z, gpsFixTime: 2026-08-23T00:37:55.000Z, comparison: device newer} @ https://gpsthailand.centerlink.co.th/assets/useDevices-BbLAVxHc-1787731954153.js:0
[  122465ms] [LOG] [DEBUG 86-0605] {deviceLastUpdate: 2026-08-26T08:11:54.467Z, gpsFixTime: 2026-08-23T00:37:55.000Z, comparison: device newer} @ https://gpsthailand.centerlink.co.th/assets/useDevices-BbLAVxHc-1787731954153.js:0
[  122466ms] [LOG] [DEBUG 86-0605] {deviceLastUpdate: 2026-08-26T08:11:54.467Z, gpsFixTime: 2026-08-23T00:37:55.000Z, comparison: device newer} @ https://gpsthailand.centerlink.co.th/assets/useDevices-BbLAVxHc-1787731954153.js:0
[  132342ms] [LOG] [DEBUG 86-0605] {deviceLastUpdate: 2026-08-26T08:11:54.467Z, gpsFixTime: 2026-08-23T00:37:55.000Z, comparison: device newer} @ https://gpsthailand.centerlink.co.th/assets/useDevices-BbLAVxHc-1787731954153.js:0
[  132346ms] [LOG] [DEBUG 86-0605] {deviceLastUpdate: 2026-08-26T08:11:54.467Z, gpsFixTime: 2026-08-23T00:37:55.000Z, comparison: device newer} @ https://gpsthailand.centerlink.co.th/assets/useDevices-BbLAVxHc-1787731954153.js:0
[  132694ms] [LOG] [DEBUG 86-0605] {deviceLastUpdate: 2026-08-26T08:11:54.467Z, gpsFixTime: 2026-08-23T00:37:55.000Z, comparison: device newer} @ https://gpsthailand.centerlink.co.th/assets/useDevices-BbLAVxHc-1787731954153.js:0
[  132695ms] [LOG] [DEBUG 86-0605] {deviceLastUpdate: 2026-08-26T08:11:54.467Z, gpsFixTime: 2026-08-23T00:37:55.000Z, comparison: device newer} @ https://gpsthailand.centerlink.co.th/assets/useDevices-BbLAVxHc-1787731954153.js:0
[  135546ms] [LOG] [DEBUG 86-0605] {deviceLastUpdate: 2026-08-26T08:11:54.467Z, gpsFixTime: 2026-08-23T00:37:55.000Z, comparison: device newer} @ https://gpsthailand.centerlink.co.th/assets/useDevices-BbLAVxHc-1787731954153.js:0
[  135548ms] [LOG] [DEBUG 86-0605] {deviceLastUpdate: 2026-08-26T08:11:54.467Z, gpsFixTime: 2026-08-23T00:37:55.000Z, comparison: device newer} @ https://gpsthailand.centerlink.co.th/assets/useDevices-BbLAVxHc-1787731954153.js:0
[  151628ms] [LOG] [DEBUG 86-0605] {deviceLastUpdate: 2026-08-26T08:11:54.467Z, gpsFixTime: 2026-08-23T00:37:55.000Z, comparison: device newer} @ https://gpsthailand.centerlink.co.th/assets/useDevices-BbLAVxHc-1787731954153.js:0
[  152503ms] [LOG] [DEBUG 86-0605] {deviceLastUpdate: 2026-08-26T08:11:54.467Z, gpsFixTime: 2026-08-23T00:37:55.000Z, comparison: device newer} @ https://gpsthailand.centerlink.co.th/assets/useDevices-BbLAVxHc-1787731954153.js:0
[  152507ms] [LOG] [DEBUG 86-0605] {deviceLastUpdate: 2026-08-26T08:11:54.467Z, gpsFixTime: 2026-08-23T00:37:55.000Z, comparison: device newer} @ https://gpsthailand.centerlink.co.th/assets/useDevices-BbLAVxHc-1787731954153.js:0
[  152776ms] [LOG] [DEBUG 86-0605] {deviceLastUpdate: 2026-08-26T08:11:54.467Z, gpsFixTime: 2026-08-23T00:37:55.000Z, comparison: device newer} @ https://gpsthailand.centerlink.co.th/assets/useDevices-BbLAVxHc-1787731954153.js:0
[  152779ms] [LOG] [DEBUG 86-0605] {deviceLastUpdate: 2026-08-26T08:11:54.467Z, gpsFixTime: 2026-08-23T00:37:55.000Z, comparison: device newer} @ https://gpsthailand.centerlink.co.th/assets/useDevices-BbLAVxHc-1787731954153.js:0
[  155917ms] [LOG] [DEBUG 86-0605] {deviceLastUpdate: 2026-08-26T08:11:54.467Z, gpsFixTime: 2026-08-23T00:37:55.000Z, comparison: device newer} @ https://gpsthailand.centerlink.co.th/assets/useDevices-BbLAVxHc-1787731954153.js:0
[  155920ms] [LOG] [DEBUG 86-0605] {deviceLastUpdate: 2026-08-26T08:11:54.467Z, gpsFixTime: 2026-08-23T00:37:55.000Z, comparison: device newer} @ https://gpsthailand.centerlink.co.th/assets/useDevices-BbLAVxHc-1787731954153.js:0
[  172623ms] [LOG] [DEBUG 86-0605] {deviceLastUpdate: 2026-08-26T08:11:54.467Z, gpsFixTime: 2026-08-23T00:37:55.000Z, comparison: device newer} @ https://gpsthailand.centerlink.co.th/assets/useDevices-BbLAVxHc-1787731954153.js:0
[  172626ms] [LOG] [DEBUG 86-0605] {deviceLastUpdate: 2026-08-26T08:11:54.467Z, gpsFixTime: 2026-08-23T00:37:55.000Z, comparison: device newer} @ https://gpsthailand.centerlink.co.th/assets/useDevices-BbLAVxHc-1787731954153.js:0
[  172868ms] [LOG] [DEBUG 86-0605] {deviceLastUpdate: 2026-08-26T08:11:54.467Z, gpsFixTime: 2026-08-23T00:37:55.000Z, comparison: device newer} @ https://gpsthailand.centerlink.co.th/assets/useDevices-BbLAVxHc-1787731954153.js:0
[  172870ms] [LOG] [DEBUG 86-0605] {deviceLastUpdate: 2026-08-26T08:11:54.467Z, gpsFixTime: 2026-08-23T00:37:55.000Z, comparison: device newer} @ https://gpsthailand.centerlink.co.th/assets/useDevices-BbLAVxHc-1787731954153.js:0
[  175797ms] [LOG] [DEBUG 86-0605] {deviceLastUpdate: 2026-08-26T08:11:54.467Z, gpsFixTime: 2026-08-23T00:37:55.000Z, comparison: device newer} @ https://gpsthailand.centerlink.co.th/assets/useDevices-BbLAVxHc-1787731954153.js:0
[  175799ms] [LOG] [DEBUG 86-0605] {deviceLastUpdate: 2026-08-26T08:11:54.467Z, gpsFixTime: 2026-08-23T00:37:55.000Z, comparison: device newer} @ https://gpsthailand.centerlink.co.th/assets/useDevices-BbLAVxHc-1787731954153.js:0
[  182682ms] [LOG] [DEBUG 86-0605] {deviceLastUpdate: 2026-08-26T08:17:20.270Z, gpsFixTime: 2026-08-23T00:37:55.000Z, comparison: device newer} @ https://gpsthailand.centerlink.co.th/assets/useDevices-BbLAVxHc-1787731954153.js:0
[  182684ms] [LOG] [DEBUG 86-0605] {deviceLastUpdate: 2026-08-26T08:17:20.270Z, gpsFixTime: 2026-08-23T00:37:55.000Z, comparison: device newer} @ https://gpsthailand.centerlink.co.th/assets/useDevices-BbLAVxHc-1787731954153.js:0
[  182893ms] [LOG] [DEBUG 86-0605] {deviceLastUpdate: 2026-08-26T08:17:20.270Z, gpsFixTime: 2026-08-23T00:37:55.000Z, comparison: device newer} @ https://gpsthailand.centerlink.co.th/assets/useDevices-BbLAVxHc-1787731954153.js:0
[  182894ms] [LOG] [DEBUG 86-0605] {deviceLastUpdate: 2026-08-26T08:17:20.270Z, gpsFixTime: 2026-08-23T00:37:55.000Z, comparison: device newer} @ https://gpsthailand.centerlink.co.th/assets/useDevices-BbLAVxHc-1787731954153.js:0
[  192739ms] [LOG] [DEBUG 86-0605] {deviceLastUpdate: 2026-08-26T08:17:20.270Z, gpsFixTime: 2026-08-23T00:37:55.000Z, comparison: device newer} @ https://gpsthailand.centerlink.co.th/assets/useDevices-BbLAVxHc-1787731954153.js:0
[  192742ms] [LOG] [DEBUG 86-0605] {deviceLastUpdate: 2026-08-26T08:17:20.270Z, gpsFixTime: 2026-08-23T00:37:55.000Z, comparison: device newer} @ https://gpsthailand.centerlink.co.th/assets/useDevices-BbLAVxHc-1787731954153.js:0
[  192936ms] [LOG] [DEBUG 86-0605] {deviceLastUpdate: 2026-08-26T08:17:20.270Z, gpsFixTime: 2026-08-23T00:37:55.000Z, comparison: device newer} @ https://gpsthailand.centerlink.co.th/assets/useDevices-BbLAVxHc-1787731954153.js:0
[  192937ms] [LOG] [DEBUG 86-0605] {deviceLastUpdate: 2026-08-26T08:17:20.270Z, gpsFixTime: 2026-08-23T00:37:55.000Z, comparison: device newer} @ https://gpsthailand.centerlink.co.th/assets/useDevices-BbLAVxHc-1787731954153.js:0
[  195952ms] [LOG] [DEBUG 86-0605] {deviceLastUpdate: 2026-08-26T08:17:20.270Z, gpsFixTime: 2026-08-23T00:37:55.000Z, comparison: device newer} @ https://gpsthailand.centerlink.co.th/assets/useDevices-BbLAVxHc-1787731954153.js:0
[  195955ms] [LOG] [DEBUG 86-0605] {deviceLastUpdate: 2026-08-26T08:17:20.270Z, gpsFixTime: 2026-08-23T00:37:55.000Z, comparison: device newer} @ https://gpsthailand.centerlink.co.th/assets/useDevices-BbLAVxHc-1787731954153.js:0
[  211567ms] [LOG] [DEBUG 86-0605] {deviceLastUpdate: 2026-08-26T08:17:20.270Z, gpsFixTime: 2026-08-23T00:37:55.000Z, comparison: device newer} @ https://gpsthailand.centerlink.co.th/assets/useDevices-BbLAVxHc-1787731954153.js:0
[  212884ms] [LOG] [DEBUG 86-0605] {deviceLastUpdate: 2026-08-26T08:17:27.539Z, gpsFixTime: 2026-08-23T00:37:55.000Z, comparison: device newer} @ https://gpsthailand.centerlink.co.th/assets/useDevices-BbLAVxHc-1787731954153.js:0
[  212885ms] [LOG] [DEBUG 86-0605] {deviceLastUpdate: 2026-08-26T08:17:27.539Z, gpsFixTime: 2026-08-23T00:37:55.000Z, comparison: device newer} @ https://gpsthailand.centerlink.co.th/assets/useDevices-BbLAVxHc-1787731954153.js:0
[  213128ms] [LOG] [DEBUG 86-0605] {deviceLastUpdate: 2026-08-26T08:17:27.539Z, gpsFixTime: 2026-08-23T00:37:55.000Z, comparison: device newer} @ https://gpsthailand.centerlink.co.th/assets/useDevices-BbLAVxHc-1787731954153.js:0
[  213130ms] [LOG] [DEBUG 86-0605] {deviceLastUpdate: 2026-08-26T08:17:27.539Z, gpsFixTime: 2026-08-23T00:37:55.000Z, comparison: device newer} @ https://gpsthailand.centerlink.co.th/assets/useDevices-BbLAVxHc-1787731954153.js:0
[  216360ms] [LOG] [DEBUG 86-0605] {deviceLastUpdate: 2026-08-26T08:17:27.539Z, gpsFixTime: 2026-08-23T00:37:55.000Z, comparison: device newer} @ https://gpsthailand.centerlink.co.th/assets/useDevices-BbLAVxHc-1787731954153.js:0
[  216363ms] [LOG] [DEBUG 86-0605] {deviceLastUpdate: 2026-08-26T08:17:27.539Z, gpsFixTime: 2026-08-23T00:37:55.000Z, comparison: device newer} @ https://gpsthailand.centerlink.co.th/assets/useDevices-BbLAVxHc-1787731954153.js:0
[  233054ms] [LOG] [DEBUG 86-0605] {deviceLastUpdate: 2026-08-26T08:17:27.539Z, gpsFixTime: 2026-08-23T00:37:55.000Z, comparison: device newer} @ https://gpsthailand.centerlink.co.th/assets/useDevices-BbLAVxHc-1787731954153.js:0
[  233056ms] [LOG] [DEBUG 86-0605] {deviceLastUpdate: 2026-08-26T08:17:27.539Z, gpsFixTime: 2026-08-23T00:37:55.000Z, comparison: device newer} @ https://gpsthailand.centerlink.co.th/assets/useDevices-BbLAVxHc-1787731954153.js:0
[  233297ms] [LOG] [DEBUG 86-0605] {deviceLastUpdate: 2026-08-26T08:17:27.539Z, gpsFixTime: 2026-08-23T00:37:55.000Z, comparison: device newer} @ https://gpsthailand.centerlink.co.th/assets/useDevices-BbLAVxHc-1787731954153.js:0
[  233298ms] [LOG] [DEBUG 86-0605] {deviceLastUpdate: 2026-08-26T08:17:27.539Z, gpsFixTime: 2026-08-23T00:37:55.000Z, comparison: device newer} @ https://gpsthailand.centerlink.co.th/assets/useDevices-BbLAVxHc-1787731954153.js:0
[  236676ms] [LOG] [DEBUG 86-0605] {deviceLastUpdate: 2026-08-26T08:17:27.539Z, gpsFixTime: 2026-08-23T00:37:55.000Z, comparison: device newer} @ https://gpsthailand.centerlink.co.th/assets/useDevices-BbLAVxHc-1787731954153.js:0
[  236679ms] [LOG] [DEBUG 86-0605] {deviceLastUpdate: 2026-08-26T08:17:27.539Z, gpsFixTime: 2026-08-23T00:37:55.000Z, comparison: device newer} @ https://gpsthailand.centerlink.co.th/assets/useDevices-BbLAVxHc-1787731954153.js:0
[  243047ms] [LOG] [DEBUG 86-0605] {deviceLastUpdate: 2026-08-26T08:17:27.539Z, gpsFixTime: 2026-08-23T00:37:55.000Z, comparison: device newer} @ https://gpsthailand.centerlink.co.th/assets/useDevices-BbLAVxHc-1787731954153.js:0
[  243050ms] [LOG] [DEBUG 86-0605] {deviceLastUpdate: 2026-08-26T08:17:27.539Z, gpsFixTime: 2026-08-23T00:37:55.000Z, comparison: device newer} @ https://gpsthailand.centerlink.co.th/assets/useDevices-BbLAVxHc-1787731954153.js:0
[  243261ms] [LOG] [DEBUG 86-0605] {deviceLastUpdate: 2026-08-26T08:17:27.539Z, gpsFixTime: 2026-08-23T00:37:55.000Z, comparison: device newer} @ https://gpsthailand.centerlink.co.th/assets/useDevices-BbLAVxHc-1787731954153.js:0
[  243262ms] [LOG] [DEBUG 86-0605] {deviceLastUpdate: 2026-08-26T08:17:27.539Z, gpsFixTime: 2026-08-23T00:37:55.000Z, comparison: device newer} @ https://gpsthailand.centerlink.co.th/assets/useDevices-BbLAVxHc-1787731954153.js:0
[  253160ms] [LOG] [DEBUG 86-0605] {deviceLastUpdate: 2026-08-26T08:17:27.539Z, gpsFixTime: 2026-08-23T00:37:55.000Z, comparison: device newer} @ https://gpsthailand.centerlink.co.th/assets/useDevices-BbLAVxHc-1787731954153.js:0
[  253163ms] [LOG] [DEBUG 86-0605] {deviceLastUpdate: 2026-08-26T08:17:27.539Z, gpsFixTime: 2026-08-23T00:37:55.000Z, comparison: device newer} @ https://gpsthailand.centerlink.co.th/assets/useDevices-BbLAVxHc-1787731954153.js:0
[  253399ms] [LOG] [DEBUG 86-0605] {deviceLastUpdate: 2026-08-26T08:17:27.539Z, gpsFixTime: 2026-08-23T00:37:55.000Z, comparison: device newer} @ https://gpsthailand.centerlink.co.th/assets/useDevices-BbLAVxHc-1787731954153.js:0
[  253401ms] [LOG] [DEBUG 86-0605] {deviceLastUpdate: 2026-08-26T08:17:27.539Z, gpsFixTime: 2026-08-23T00:37:55.000Z, comparison: device newer} @ https://gpsthailand.centerlink.co.th/assets/useDevices-BbLAVxHc-1787731954153.js:0
[  256406ms] [LOG] [DEBUG 86-0605] {deviceLastUpdate: 2026-08-26T08:17:27.539Z, gpsFixTime: 2026-08-23T00:37:55.000Z, comparison: device newer} @ https://gpsthailand.centerlink.co.th/assets/useDevices-BbLAVxHc-1787731954153.js:0
[  256407ms] [LOG] [DEBUG 86-0605] {deviceLastUpdate: 2026-08-26T08:17:27.539Z, gpsFixTime: 2026-08-23T00:37:55.000Z, comparison: device newer} @ https://gpsthailand.centerlink.co.th/assets/useDevices-BbLAVxHc-1787731954153.js:0
[  271571ms] [LOG] [DEBUG 86-0605] {deviceLastUpdate: 2026-08-26T08:17:27.539Z, gpsFixTime: 2026-08-23T00:37:55.000Z, comparison: device newer} @ https://gpsthailand.centerlink.co.th/assets/useDevices-BbLAVxHc-1787731954153.js:0
[  273192ms] [LOG] [DEBUG 86-0605] {deviceLastUpdate: 2026-08-26T08:17:27.539Z, gpsFixTime: 2026-08-23T00:37:55.000Z, comparison: device newer} @ https://gpsthailand.centerlink.co.th/assets/useDevices-BbLAVxHc-1787731954153.js:0
[  273193ms] [LOG] [DEBUG 86-0605] {deviceLastUpdate: 2026-08-26T08:17:27.539Z, gpsFixTime: 2026-08-23T00:37:55.000Z, comparison: device newer} @ https://gpsthailand.centerlink.co.th/assets/useDevices-BbLAVxHc-1787731954153.js:0
[  273264ms] [LOG] [DEBUG 86-0605] {deviceLastUpdate: 2026-08-26T08:17:27.539Z, gpsFixTime: 2026-08-23T00:37:55.000Z, comparison: device newer} @ https://gpsthailand.centerlink.co.th/assets/useDevices-BbLAVxHc-1787731954153.js:0
[  273266ms] [LOG] [DEBUG 86-0605] {deviceLastUpdate: 2026-08-26T08:17:27.539Z, gpsFixTime: 2026-08-23T00:37:55.000Z, comparison: device newer} @ https://gpsthailand.centerlink.co.th/assets/useDevices-BbLAVxHc-1787731954153.js:0
[  273523ms] [LOG] [DEBUG 86-0605] {deviceLastUpdate: 2026-08-26T08:17:27.539Z, gpsFixTime: 2026-08-23T00:37:55.000Z, comparison: device newer} @ https://gpsthailand.centerlink.co.th/assets/useDevices-BbLAVxHc-1787731954153.js:0
[  273525ms] [LOG] [DEBUG 86-0605] {deviceLastUpdate: 2026-08-26T08:17:27.539Z, gpsFixTime: 2026-08-23T00:37:55.000Z, comparison: device newer} @ https://gpsthailand.centerlink.co.th/assets/useDevices-BbLAVxHc-1787731954153.js:0
[  276110ms] [LOG] [DEBUG 86-0605] {deviceLastUpdate: 2026-08-26T08:17:27.539Z, gpsFixTime: 2026-08-23T00:37:55.000Z, comparison: device newer} @ https://gpsthailand.centerlink.co.th/assets/useDevices-BbLAVxHc-1787731954153.js:0
[  276113ms] [LOG] [DEBUG 86-0605] {deviceLastUpdate: 2026-08-26T08:17:27.539Z, gpsFixTime: 2026-08-23T00:37:55.000Z, comparison: device newer} @ https://gpsthailand.centerlink.co.th/assets/useDevices-BbLAVxHc-1787731954153.js:0
[  293371ms] [LOG] [DEBUG 86-0605] {deviceLastUpdate: 2026-08-26T08:17:27.539Z, gpsFixTime: 2026-08-23T00:37:55.000Z, comparison: device newer} @ https://gpsthailand.centerlink.co.th/assets/useDevices-BbLAVxHc-1787731954153.js:0
[  293373ms] [LOG] [DEBUG 86-0605] {deviceLastUpdate: 2026-08-26T08:17:27.539Z, gpsFixTime: 2026-08-23T00:37:55.000Z, comparison: device newer} @ https://gpsthailand.centerlink.co.th/assets/useDevices-BbLAVxHc-1787731954153.js:0
[  293583ms] [LOG] [DEBUG 86-0605] {deviceLastUpdate: 2026-08-26T08:17:27.539Z, gpsFixTime: 2026-08-23T00:37:55.000Z, comparison: device newer} @ https://gpsthailand.centerlink.co.th/assets/useDevices-BbLAVxHc-1787731954153.js:0
[  293584ms] [LOG] [DEBUG 86-0605] {deviceLastUpdate: 2026-08-26T08:17:27.539Z, gpsFixTime: 2026-08-23T00:37:55.000Z, comparison: device newer} @ https://gpsthailand.centerlink.co.th/assets/useDevices-BbLAVxHc-1787731954153.js:0
[  296438ms] [LOG] [DEBUG 86-0605] {deviceLastUpdate: 2026-08-26T08:17:27.539Z, gpsFixTime: 2026-08-23T00:37:55.000Z, comparison: device newer} @ https://gpsthailand.centerlink.co.th/assets/useDevices-BbLAVxHc-1787731954153.js:0
[  296440ms] [LOG] [DEBUG 86-0605] {deviceLastUpdate: 2026-08-26T08:17:27.539Z, gpsFixTime: 2026-08-23T00:37:55.000Z, comparison: device newer} @ https://gpsthailand.centerlink.co.th/assets/useDevices-BbLAVxHc-1787731954153.js:0
[  303355ms] [LOG] [DEBUG 86-0605] {deviceLastUpdate: 2026-08-26T08:17:27.539Z, gpsFixTime: 2026-08-23T00:37:55.000Z, comparison: device newer} @ https://gpsthailand.centerlink.co.th/assets/useDevices-BbLAVxHc-1787731954153.js:0
[  303358ms] [LOG] [DEBUG 86-0605] {deviceLastUpdate: 2026-08-26T08:17:27.539Z, gpsFixTime: 2026-08-23T00:37:55.000Z, comparison: device newer} @ https://gpsthailand.centerlink.co.th/assets/useDevices-BbLAVxHc-1787731954153.js:0
[  303584ms] [LOG] [DEBUG 86-0605] {deviceLastUpdate: 2026-08-26T08:17:27.539Z, gpsFixTime: 2026-08-23T00:37:55.000Z, comparison: device newer} @ https://gpsthailand.centerlink.co.th/assets/useDevices-BbLAVxHc-1787731954153.js:0
[  303586ms] [LOG] [DEBUG 86-0605] {deviceLastUpdate: 2026-08-26T08:17:27.539Z, gpsFixTime: 2026-08-23T00:37:55.000Z, comparison: device newer} @ https://gpsthailand.centerlink.co.th/assets/useDevices-BbLAVxHc-1787731954153.js:0
[  313500ms] [LOG] [DEBUG 86-0605] {deviceLastUpdate: 2026-08-26T08:17:27.539Z, gpsFixTime: 2026-08-23T00:37:55.000Z, comparison: device newer} @ https://gpsthailand.centerlink.co.th/assets/useDevices-BbLAVxHc-1787731954153.js:0
[  313504ms] [LOG] [DEBUG 86-0605] {deviceLastUpdate: 2026-08-26T08:17:27.539Z, gpsFixTime: 2026-08-23T00:37:55.000Z, comparison: device newer} @ https://gpsthailand.centerlink.co.th/assets/useDevices-BbLAVxHc-1787731954153.js:0
[  313724ms] [LOG] [DEBUG 86-0605] {deviceLastUpdate: 2026-08-26T08:17:27.539Z, gpsFixTime: 2026-08-23T00:37:55.000Z, comparison: device newer} @ https://gpsthailand.centerlink.co.th/assets/useDevices-BbLAVxHc-1787731954153.js:0
[  313725ms] [LOG] [DEBUG 86-0605] {deviceLastUpdate: 2026-08-26T08:17:27.539Z, gpsFixTime: 2026-08-23T00:37:55.000Z, comparison: device newer} @ https://gpsthailand.centerlink.co.th/assets/useDevices-BbLAVxHc-1787731954153.js:0
[  316272ms] [LOG] [DEBUG 86-0605] {deviceLastUpdate: 2026-08-26T08:17:27.539Z, gpsFixTime: 2026-08-23T00:37:55.000Z, comparison: device newer} @ https://gpsthailand.centerlink.co.th/assets/useDevices-BbLAVxHc-1787731954153.js:0
[  316274ms] [LOG] [DEBUG 86-0605] {deviceLastUpdate: 2026-08-26T08:17:27.539Z, gpsFixTime: 2026-08-23T00:37:55.000Z, comparison: device newer} @ https://gpsthailand.centerlink.co.th/assets/useDevices-BbLAVxHc-1787731954153.js:0
[  331561ms] [LOG] [DEBUG 86-0605] {deviceLastUpdate: 2026-08-26T08:17:27.539Z, gpsFixTime: 2026-08-23T00:37:55.000Z, comparison: device newer} @ https://gpsthailand.centerlink.co.th/assets/useDevices-BbLAVxHc-1787731954153.js:0
[  333502ms] [LOG] [DEBUG 86-0605] {deviceLastUpdate: 2026-08-26T08:17:27.539Z, gpsFixTime: 2026-08-23T00:37:55.000Z, comparison: device newer} @ https://gpsthailand.centerlink.co.th/assets/useDevices-BbLAVxHc-1787731954153.js:0
[  333504ms] [LOG] [DEBUG 86-0605] {deviceLastUpdate: 2026-08-26T08:17:27.539Z, gpsFixTime: 2026-08-23T00:37:55.000Z, comparison: device newer} @ https://gpsthailand.centerlink.co.th/assets/useDevices-BbLAVxHc-1787731954153.js:0
[  333677ms] [LOG] [DEBUG 86-0605] {deviceLastUpdate: 2026-08-26T08:17:27.539Z, gpsFixTime: 2026-08-23T00:37:55.000Z, comparison: device newer} @ https://gpsthailand.centerlink.co.th/assets/useDevices-BbLAVxHc-1787731954153.js:0
[  333679ms] [LOG] [DEBUG 86-0605] {deviceLastUpdate: 2026-08-26T08:17:27.539Z, gpsFixTime: 2026-08-23T00:37:55.000Z, comparison: device newer} @ https://gpsthailand.centerlink.co.th/assets/useDevices-BbLAVxHc-1787731954153.js:0
[  333911ms] [LOG] [DEBUG 86-0605] {deviceLastUpdate: 2026-08-26T08:17:27.539Z, gpsFixTime: 2026-08-23T00:37:55.000Z, comparison: device newer} @ https://gpsthailand.centerlink.co.th/assets/useDevices-BbLAVxHc-1787731954153.js:0
[  333912ms] [LOG] [DEBUG 86-0605] {deviceLastUpdate: 2026-08-26T08:17:27.539Z, gpsFixTime: 2026-08-23T00:37:55.000Z, comparison: device newer} @ https://gpsthailand.centerlink.co.th/assets/useDevices-BbLAVxHc-1787731954153.js:0
[  336854ms] [LOG] [DEBUG 86-0605] {deviceLastUpdate: 2026-08-26T08:17:27.539Z, gpsFixTime: 2026-08-23T00:37:55.000Z, comparison: device newer} @ https://gpsthailand.centerlink.co.th/assets/useDevices-BbLAVxHc-1787731954153.js:0
[  336856ms] [LOG] [DEBUG 86-0605] {deviceLastUpdate: 2026-08-26T08:17:27.539Z, gpsFixTime: 2026-08-23T00:37:55.000Z, comparison: device newer} @ https://gpsthailand.centerlink.co.th/assets/useDevices-BbLAVxHc-1787731954153.js:0
[  353796ms] [LOG] [DEBUG 86-0605] {deviceLastUpdate: 2026-08-26T08:17:27.539Z, gpsFixTime: 2026-08-23T00:37:55.000Z, comparison: device newer} @ https://gpsthailand.centerlink.co.th/assets/useDevices-BbLAVxHc-1787731954153.js:0
[  353800ms] [LOG] [DEBUG 86-0605] {deviceLastUpdate: 2026-08-26T08:17:27.539Z, gpsFixTime: 2026-08-23T00:37:55.000Z, comparison: device newer} @ https://gpsthailand.centerlink.co.th/assets/useDevices-BbLAVxHc-1787731954153.js:0
[  354061ms] [LOG] [DEBUG 86-0605] {deviceLastUpdate: 2026-08-26T08:17:27.539Z, gpsFixTime: 2026-08-23T00:37:55.000Z, comparison: device newer} @ https://gpsthailand.centerlink.co.th/assets/useDevices-BbLAVxHc-1787731954153.js:0
[  354062ms] [LOG] [DEBUG 86-0605] {deviceLastUpdate: 2026-08-26T08:17:27.539Z, gpsFixTime: 2026-08-23T00:37:55.000Z, comparison: device newer} @ https://gpsthailand.centerlink.co.th/assets/useDevices-BbLAVxHc-1787731954153.js:0
[  356806ms] [LOG] [DEBUG 86-0605] {deviceLastUpdate: 2026-08-26T08:17:27.539Z, gpsFixTime: 2026-08-23T00:37:55.000Z, comparison: device newer} @ https://gpsthailand.centerlink.co.th/assets/useDevices-BbLAVxHc-1787731954153.js:0
[  356808ms] [LOG] [DEBUG 86-0605] {deviceLastUpdate: 2026-08-26T08:17:27.539Z, gpsFixTime: 2026-08-23T00:37:55.000Z, comparison: device newer} @ https://gpsthailand.centerlink.co.th/assets/useDevices-BbLAVxHc-1787731954153.js:0
[  363655ms] [LOG] [DEBUG 86-0605] {deviceLastUpdate: 2026-08-26T08:17:27.539Z, gpsFixTime: 2026-08-23T00:37:55.000Z, comparison: device newer} @ https://gpsthailand.centerlink.co.th/assets/useDevices-BbLAVxHc-1787731954153.js:0
[  363657ms] [LOG] [DEBUG 86-0605] {deviceLastUpdate: 2026-08-26T08:17:27.539Z, gpsFixTime: 2026-08-23T00:37:55.000Z, comparison: device newer} @ https://gpsthailand.centerlink.co.th/assets/useDevices-BbLAVxHc-1787731954153.js:0
[  363843ms] [LOG] [DEBUG 86-0605] {deviceLastUpdate: 2026-08-26T08:17:27.539Z, gpsFixTime: 2026-08-23T00:37:55.000Z, comparison: device newer} @ https://gpsthailand.centerlink.co.th/assets/useDevices-BbLAVxHc-1787731954153.js:0
[  363844ms] [LOG] [DEBUG 86-0605] {deviceLastUpdate: 2026-08-26T08:17:27.539Z, gpsFixTime: 2026-08-23T00:37:55.000Z, comparison: device newer} @ https://gpsthailand.centerlink.co.th/assets/useDevices-BbLAVxHc-1787731954153.js:0
[  373925ms] [LOG] [DEBUG 86-0605] {deviceLastUpdate: 2026-08-26T08:17:27.539Z, gpsFixTime: 2026-08-23T00:37:55.000Z, comparison: device newer} @ https://gpsthailand.centerlink.co.th/assets/useDevices-BbLAVxHc-1787731954153.js:0
[  373927ms] [LOG] [DEBUG 86-0605] {deviceLastUpdate: 2026-08-26T08:17:27.539Z, gpsFixTime: 2026-08-23T00:37:55.000Z, comparison: device newer} @ https://gpsthailand.centerlink.co.th/assets/useDevices-BbLAVxHc-1787731954153.js:0
[  374189ms] [LOG] [DEBUG 86-0605] {deviceLastUpdate: 2026-08-26T08:17:27.539Z, gpsFixTime: 2026-08-23T00:37:55.000Z, comparison: device newer} @ https://gpsthailand.centerlink.co.th/assets/useDevices-BbLAVxHc-1787731954153.js:0
[  374190ms] [LOG] [DEBUG 86-0605] {deviceLastUpdate: 2026-08-26T08:17:27.539Z, gpsFixTime: 2026-08-23T00:37:55.000Z, comparison: device newer} @ https://gpsthailand.centerlink.co.th/assets/useDevices-BbLAVxHc-1787731954153.js:0
[  376859ms] [LOG] [DEBUG 86-0605] {deviceLastUpdate: 2026-08-26T08:17:27.539Z, gpsFixTime: 2026-08-23T00:37:55.000Z, comparison: device newer} @ https://gpsthailand.centerlink.co.th/assets/useDevices-BbLAVxHc-1787731954153.js:0
[  376861ms] [LOG] [DEBUG 86-0605] {deviceLastUpdate: 2026-08-26T08:17:27.539Z, gpsFixTime: 2026-08-23T00:37:55.000Z, comparison: device newer} @ https://gpsthailand.centerlink.co.th/assets/useDevices-BbLAVxHc-1787731954153.js:0
[  391564ms] [LOG] [DEBUG 86-0605] {deviceLastUpdate: 2026-08-26T08:17:27.539Z, gpsFixTime: 2026-08-23T00:37:55.000Z, comparison: device newer} @ https://gpsthailand.centerlink.co.th/assets/useDevices-BbLAVxHc-1787731954153.js:0
[  393835ms] [LOG] [DEBUG 86-0605] {deviceLastUpdate: 2026-08-26T08:17:27.539Z, gpsFixTime: 2026-08-23T00:37:55.000Z, comparison: device newer} @ https://gpsthailand.centerlink.co.th/assets/useDevices-BbLAVxHc-1787731954153.js:0
[  393837ms] [LOG] [DEBUG 86-0605] {deviceLastUpdate: 2026-08-26T08:17:27.539Z, gpsFixTime: 2026-08-23T00:37:55.000Z, comparison: device newer} @ https://gpsthailand.centerlink.co.th/assets/useDevices-BbLAVxHc-1787731954153.js:0
[  394095ms] [LOG] [DEBUG 86-0605] {deviceLastUpdate: 2026-08-26T08:17:27.539Z, gpsFixTime: 2026-08-23T00:37:55.000Z, comparison: device newer} @ https://gpsthailand.centerlink.co.th/assets/useDevices-BbLAVxHc-1787731954153.js:0
[  394097ms] [LOG] [DEBUG 86-0605] {deviceLastUpdate: 2026-08-26T08:17:27.539Z, gpsFixTime: 2026-08-23T00:37:55.000Z, comparison: device newer} @ https://gpsthailand.centerlink.co.th/assets/useDevices-BbLAVxHc-1787731954153.js:0
[  394341ms] [LOG] [DEBUG 86-0605] {deviceLastUpdate: 2026-08-26T08:17:27.539Z, gpsFixTime: 2026-08-23T00:37:55.000Z, comparison: device newer} @ https://gpsthailand.centerlink.co.th/assets/useDevices-BbLAVxHc-1787731954153.js:0
[  394342ms] [LOG] [DEBUG 86-0605] {deviceLastUpdate: 2026-08-26T08:17:27.539Z, gpsFixTime: 2026-08-23T00:37:55.000Z, comparison: device newer} @ https://gpsthailand.centerlink.co.th/assets/useDevices-BbLAVxHc-1787731954153.js:0
[  397747ms] [LOG] [DEBUG 86-0605] {deviceLastUpdate: 2026-08-26T08:17:27.539Z, gpsFixTime: 2026-08-23T00:37:55.000Z, comparison: device newer} @ https://gpsthailand.centerlink.co.th/assets/useDevices-BbLAVxHc-1787731954153.js:0
[  397750ms] [LOG] [DEBUG 86-0605] {deviceLastUpdate: 2026-08-26T08:17:27.539Z, gpsFixTime: 2026-08-23T00:37:55.000Z, comparison: device newer} @ https://gpsthailand.centerlink.co.th/assets/useDevices-BbLAVxHc-1787731954153.js:0
[  414312ms] [LOG] [DEBUG 86-0605] {deviceLastUpdate: 2026-08-26T08:17:27.539Z, gpsFixTime: 2026-08-23T00:37:55.000Z, comparison: device newer} @ https://gpsthailand.centerlink.co.th/assets/useDevices-BbLAVxHc-1787731954153.js:0
[  414326ms] [LOG] [DEBUG 86-0605] {deviceLastUpdate: 2026-08-26T08:17:27.539Z, gpsFixTime: 2026-08-23T00:37:55.000Z, comparison: device newer} @ https://gpsthailand.centerlink.co.th/assets/useDevices-BbLAVxHc-1787731954153.js:0
[  414629ms] [LOG] [DEBUG 86-0605] {deviceLastUpdate: 2026-08-26T08:17:27.539Z, gpsFixTime: 2026-08-23T00:37:55.000Z, comparison: device newer} @ https://gpsthailand.centerlink.co.th/assets/useDevices-BbLAVxHc-1787731954153.js:0
[  414631ms] [LOG] [DEBUG 86-0605] {deviceLastUpdate: 2026-08-26T08:17:27.539Z, gpsFixTime: 2026-08-23T00:37:55.000Z, comparison: device newer} @ https://gpsthailand.centerlink.co.th/assets/useDevices-BbLAVxHc-1787731954153.js:0
[  417441ms] [LOG] [DEBUG 86-0605] {deviceLastUpdate: 2026-08-26T08:17:27.539Z, gpsFixTime: 2026-08-23T00:37:55.000Z, comparison: device newer} @ https://gpsthailand.centerlink.co.th/assets/useDevices-BbLAVxHc-1787731954153.js:0
[  417444ms] [LOG] [DEBUG 86-0605] {deviceLastUpdate: 2026-08-26T08:17:27.539Z, gpsFixTime: 2026-08-23T00:37:55.000Z, comparison: device newer} @ https://gpsthailand.centerlink.co.th/assets/useDevices-BbLAVxHc-1787731954153.js:0
[  423988ms] [LOG] [DEBUG 86-0605] {deviceLastUpdate: 2026-08-26T08:17:27.539Z, gpsFixTime: 2026-08-23T00:37:55.000Z, comparison: device newer} @ https://gpsthailand.centerlink.co.th/assets/useDevices-BbLAVxHc-1787731954153.js:0
[  423991ms] [LOG] [DEBUG 86-0605] {deviceLastUpdate: 2026-08-26T08:17:27.539Z, gpsFixTime: 2026-08-23T00:37:55.000Z, comparison: device newer} @ https://gpsthailand.centerlink.co.th/assets/useDevices-BbLAVxHc-1787731954153.js:0
[  424215ms] [LOG] [DEBUG 86-0605] {deviceLastUpdate: 2026-08-26T08:17:27.539Z, gpsFixTime: 2026-08-23T00:37:55.000Z, comparison: device newer} @ https://gpsthailand.centerlink.co.th/assets/useDevices-BbLAVxHc-1787731954153.js:0
[  424217ms] [LOG] [DEBUG 86-0605] {deviceLastUpdate: 2026-08-26T08:17:27.539Z, gpsFixTime: 2026-08-23T00:37:55.000Z, comparison: device newer} @ https://gpsthailand.centerlink.co.th/assets/useDevices-BbLAVxHc-1787731954153.js:0
