[    1515ms] [LOG] [tenantService] rowToTenant INPUT: {slug: gpsthailand, data.theme: Object, data.theme.primaryColor: #ff8800, full row.data keys: Array(13)} @ https://gpsthailand.centerlink.co.th/assets/index-D-9wXc7s-1787732399449.js:236
[    1515ms] [LOG] [tenantService] rowToTenant OUTPUT: {slug: gpsthailand, theme.primaryColor: #ff8800, theme exists: true} @ https://gpsthailand.centerlink.co.th/assets/index-D-9wXc7s-1787732399449.js:236
[   22289ms] [LOG] [LayoutV2] Applying brand colors: {tenantTheme.primaryColor: #ff8800, slug: gpsthailand, finalColor: #ff8800, tenantLoading: false} @ https://gpsthailand.centerlink.co.th/assets/LayoutV2-D3iYjxEo-1787732399449.js:21
[   23865ms] [ERROR] Failed to load resource: the server responded with a status of 503 () @ https://api.centerlink.co.th/api/positions?deviceId=66:0
[   23954ms] [ERROR] Failed to load resource: the server responded with a status of 503 () @ https://api.centerlink.co.th/api/positions?deviceId=40:0
[   23978ms] [ERROR] Failed to load resource: the server responded with a status of 503 () @ https://api.centerlink.co.th/api/positions?deviceId=60:0
[   23989ms] [ERROR] Failed to load resource: the server responded with a status of 503 () @ https://api.centerlink.co.th/api/positions?deviceId=256:0
[   23994ms] [ERROR] Failed to load resource: the server responded with a status of 503 () @ https://api.centerlink.co.th/api/positions?deviceId=61:0
[   25826ms] [ERROR] Failed to load resource: the server responded with a status of 503 () @ https://api.centerlink.co.th/api/positions?deviceId=137:0
[   25887ms] [ERROR] Failed to load resource: the server responded with a status of 503 () @ https://api.centerlink.co.th/api/positions?deviceId=37:0
[   25913ms] [ERROR] Failed to load resource: the server responded with a status of 503 () @ https://api.centerlink.co.th/api/positions?deviceId=205:0
[   25914ms] [ERROR] Failed to load resource: the server responded with a status of 503 () @ https://api.centerlink.co.th/api/positions?deviceId=36:0
[   25935ms] [ERROR] Failed to load resource: the server responded with a status of 503 () @ https://api.centerlink.co.th/api/positions?deviceId=151:0
[   28193ms] [ERROR] Failed to load resource: the server responded with a status of 503 () @ https://api.centerlink.co.th/api/positions?deviceId=260:0
[   28212ms] [ERROR] Failed to load resource: the server responded with a status of 503 () @ https://api.centerlink.co.th/api/positions?deviceId=99:0
[   28215ms] [ERROR] Failed to load resource: the server responded with a status of 503 () @ https://api.centerlink.co.th/api/positions?deviceId=98:0
[   28229ms] [ERROR] Failed to load resource: the server responded with a status of 503 () @ https://api.centerlink.co.th/api/positions?deviceId=127:0
[   28232ms] [ERROR] Failed to load resource: the server responded with a status of 503 () @ https://api.centerlink.co.th/api/positions?deviceId=144:0
[   29746ms] [LOG] [DEBUG 86-0605] {deviceLastUpdate: 2026-08-26T08:17:27.539Z, gpsFixTime: 2026-08-23T00:37:55.000Z, comparison: device newer} @ https://gpsthailand.centerlink.co.th/assets/useDevices-B2-6rL_C-1787732399449.js:0
[   29748ms] [LOG] [DEBUG 86-0605] {deviceLastUpdate: 2026-08-26T08:17:27.539Z, gpsFixTime: 2026-08-23T00:37:55.000Z, comparison: device newer} @ https://gpsthailand.centerlink.co.th/assets/useDevices-B2-6rL_C-1787732399449.js:0
[   30399ms] [ERROR] Failed to load resource: the server responded with a status of 503 () @ https://api.centerlink.co.th/api/positions?deviceId=107:0
[   31103ms] [ERROR] Failed to load resource: the server responded with a status of 503 () @ https://api.centerlink.co.th/api/positions?deviceId=225:0
[   31109ms] [ERROR] Failed to load resource: the server responded with a status of 503 () @ https://api.centerlink.co.th/api/positions?deviceId=119:0
[   42699ms] [LOG] [DEBUG 86-0605] {deviceLastUpdate: 2026-08-26T08:17:27.539Z, gpsFixTime: 2026-08-23T00:37:55.000Z, comparison: device newer} @ https://gpsthailand.centerlink.co.th/assets/useDevices-B2-6rL_C-1787732399449.js:0
[   42701ms] [LOG] [DEBUG 86-0605] {deviceLastUpdate: 2026-08-26T08:17:27.539Z, gpsFixTime: 2026-08-23T00:37:55.000Z, comparison: device newer} @ https://gpsthailand.centerlink.co.th/assets/useDevices-B2-6rL_C-1787732399449.js:0
[   42934ms] [LOG] [DEBUG 86-0605] {deviceLastUpdate: 2026-08-26T08:17:27.539Z, gpsFixTime: 2026-08-23T00:37:55.000Z, comparison: device newer} @ https://gpsthailand.centerlink.co.th/assets/useDevices-B2-6rL_C-1787732399449.js:0
[   42935ms] [LOG] [DEBUG 86-0605] {deviceLastUpdate: 2026-08-26T08:17:27.539Z, gpsFixTime: 2026-08-23T00:37:55.000Z, comparison: device newer} @ https://gpsthailand.centerlink.co.th/assets/useDevices-B2-6rL_C-1787732399449.js:0
[   46048ms] [LOG] [DEBUG 86-0605] {deviceLastUpdate: 2026-08-26T08:17:27.539Z, gpsFixTime: 2026-08-23T00:37:55.000Z, comparison: device newer} @ https://gpsthailand.centerlink.co.th/assets/useDevices-B2-6rL_C-1787732399449.js:0
[   46051ms] [LOG] [DEBUG 86-0605] {deviceLastUpdate: 2026-08-26T08:17:27.539Z, gpsFixTime: 2026-08-23T00:37:55.000Z, comparison: device newer} @ https://gpsthailand.centerlink.co.th/assets/useDevices-B2-6rL_C-1787732399449.js:0
[   47252ms] [LOG] [tenantService] rowToTenant INPUT: {slug: gpsthailand, data.theme: Object, data.theme.primaryColor: #ff8800, full row.data keys: Array(13)} @ https://gpsthailand.centerlink.co.th/assets/index-D-9wXc7s-1787732399449.js:236
[   47252ms] [LOG] [tenantService] rowToTenant OUTPUT: {slug: gpsthailand, theme.primaryColor: #ff8800, theme exists: true} @ https://gpsthailand.centerlink.co.th/assets/index-D-9wXc7s-1787732399449.js:236
[   47585ms] [LOG] [LayoutV2] Applying brand colors: {tenantTheme.primaryColor: #ff8800, slug: gpsthailand, finalColor: #ff8800, tenantLoading: false} @ https://gpsthailand.centerlink.co.th/assets/LayoutV2-D3iYjxEo-1787732399449.js:21
[   51420ms] [LOG] [DEBUG 86-0605] {deviceLastUpdate: 2026-08-26T08:17:27.539Z, gpsFixTime: 2026-08-23T00:37:55.000Z, comparison: device newer} @ https://gpsthailand.centerlink.co.th/assets/useDevices-B2-6rL_C-1787732399449.js:0
[   51423ms] [LOG] [DEBUG 86-0605] {deviceLastUpdate: 2026-08-26T08:17:27.539Z, gpsFixTime: 2026-08-23T00:37:55.000Z, comparison: device newer} @ https://gpsthailand.centerlink.co.th/assets/useDevices-B2-6rL_C-1787732399449.js:0
[   67813ms] [LOG] [DEBUG 86-0605] {deviceLastUpdate: 2026-08-26T08:17:27.539Z, gpsFixTime: 2026-08-23T00:37:55.000Z, comparison: device newer} @ https://gpsthailand.centerlink.co.th/assets/useDevices-B2-6rL_C-1787732399449.js:0
[   67815ms] [LOG] [DEBUG 86-0605] {deviceLastUpdate: 2026-08-26T08:17:27.539Z, gpsFixTime: 2026-08-23T00:37:55.000Z, comparison: device newer} @ https://gpsthailand.centerlink.co.th/assets/useDevices-B2-6rL_C-1787732399449.js:0
[   68091ms] [LOG] [DEBUG 86-0605] {deviceLastUpdate: 2026-08-26T08:17:27.539Z, gpsFixTime: 2026-08-23T00:37:55.000Z, comparison: device newer} @ https://gpsthailand.centerlink.co.th/assets/useDevices-B2-6rL_C-1787732399449.js:0
[   68094ms] [LOG] [DEBUG 86-0605] {deviceLastUpdate: 2026-08-26T08:17:27.539Z, gpsFixTime: 2026-08-23T00:37:55.000Z, comparison: device newer} @ https://gpsthailand.centerlink.co.th/assets/useDevices-B2-6rL_C-1787732399449.js:0
[   70979ms] [LOG] [DEBUG 86-0605] {deviceLastUpdate: 2026-08-26T08:17:27.539Z, gpsFixTime: 2026-08-23T00:37:55.000Z, comparison: device newer} @ https://gpsthailand.centerlink.co.th/assets/useDevices-B2-6rL_C-1787732399449.js:0
[   70981ms] [LOG] [DEBUG 86-0605] {deviceLastUpdate: 2026-08-26T08:17:27.539Z, gpsFixTime: 2026-08-23T00:37:55.000Z, comparison: device newer} @ https://gpsthailand.centerlink.co.th/assets/useDevices-B2-6rL_C-1787732399449.js:0
[   77904ms] [LOG] [DEBUG 86-0605] {deviceLastUpdate: 2026-08-26T08:17:27.539Z, gpsFixTime: 2026-08-23T00:37:55.000Z, comparison: device newer} @ https://gpsthailand.centerlink.co.th/assets/useDevices-B2-6rL_C-1787732399449.js:0
[   77905ms] [LOG] [DEBUG 86-0605] {deviceLastUpdate: 2026-08-26T08:17:27.539Z, gpsFixTime: 2026-08-23T00:37:55.000Z, comparison: device newer} @ https://gpsthailand.centerlink.co.th/assets/useDevices-B2-6rL_C-1787732399449.js:0
[   78178ms] [LOG] [DEBUG 86-0605] {deviceLastUpdate: 2026-08-26T08:17:27.539Z, gpsFixTime: 2026-08-23T00:37:55.000Z, comparison: device newer} @ https://gpsthailand.centerlink.co.th/assets/useDevices-B2-6rL_C-1787732399449.js:0
[   78179ms] [LOG] [DEBUG 86-0605] {deviceLastUpdate: 2026-08-26T08:17:27.539Z, gpsFixTime: 2026-08-23T00:37:55.000Z, comparison: device newer} @ https://gpsthailand.centerlink.co.th/assets/useDevices-B2-6rL_C-1787732399449.js:0
[   88038ms] [LOG] [DEBUG 86-0605] {deviceLastUpdate: 2026-08-26T08:17:27.539Z, gpsFixTime: 2026-08-23T00:37:55.000Z, comparison: device newer} @ https://gpsthailand.centerlink.co.th/assets/useDevices-B2-6rL_C-1787732399449.js:0
[   88048ms] [LOG] [DEBUG 86-0605] {deviceLastUpdate: 2026-08-26T08:17:27.539Z, gpsFixTime: 2026-08-23T00:37:55.000Z, comparison: device newer} @ https://gpsthailand.centerlink.co.th/assets/useDevices-B2-6rL_C-1787732399449.js:0
[   88307ms] [LOG] [DEBUG 86-0605] {deviceLastUpdate: 2026-08-26T08:17:27.539Z, gpsFixTime: 2026-08-23T00:37:55.000Z, comparison: device newer} @ https://gpsthailand.centerlink.co.th/assets/useDevices-B2-6rL_C-1787732399449.js:0
[   88308ms] [LOG] [DEBUG 86-0605] {deviceLastUpdate: 2026-08-26T08:17:27.539Z, gpsFixTime: 2026-08-23T00:37:55.000Z, comparison: device newer} @ https://gpsthailand.centerlink.co.th/assets/useDevices-B2-6rL_C-1787732399449.js:0
[   91742ms] [LOG] [DEBUG 86-0605] {deviceLastUpdate: 2026-08-26T08:17:27.539Z, gpsFixTime: 2026-08-23T00:37:55.000Z, comparison: device newer} @ https://gpsthailand.centerlink.co.th/assets/useDevices-B2-6rL_C-1787732399449.js:0
[   91745ms] [LOG] [DEBUG 86-0605] {deviceLastUpdate: 2026-08-26T08:17:27.539Z, gpsFixTime: 2026-08-23T00:37:55.000Z, comparison: device newer} @ https://gpsthailand.centerlink.co.th/assets/useDevices-B2-6rL_C-1787732399449.js:0
[  107593ms] [LOG] [DEBUG 86-0605] {deviceLastUpdate: 2026-08-26T08:17:27.539Z, gpsFixTime: 2026-08-23T00:37:55.000Z, comparison: device newer} @ https://gpsthailand.centerlink.co.th/assets/useDevices-B2-6rL_C-1787732399449.js:0
[  108037ms] [LOG] [DEBUG 86-0605] {deviceLastUpdate: 2026-08-26T08:22:59.584Z, gpsFixTime: 2026-08-23T00:37:55.000Z, comparison: device newer} @ https://gpsthailand.centerlink.co.th/assets/useDevices-B2-6rL_C-1787732399449.js:0
[  108039ms] [LOG] [DEBUG 86-0605] {deviceLastUpdate: 2026-08-26T08:22:59.584Z, gpsFixTime: 2026-08-23T00:37:55.000Z, comparison: device newer} @ https://gpsthailand.centerlink.co.th/assets/useDevices-B2-6rL_C-1787732399449.js:0
[  108170ms] [LOG] [DEBUG 86-0605] {deviceLastUpdate: 2026-08-26T08:22:59.584Z, gpsFixTime: 2026-08-23T00:37:55.000Z, comparison: device newer} @ https://gpsthailand.centerlink.co.th/assets/useDevices-B2-6rL_C-1787732399449.js:0
[  108172ms] [LOG] [DEBUG 86-0605] {deviceLastUpdate: 2026-08-26T08:22:59.584Z, gpsFixTime: 2026-08-23T00:37:55.000Z, comparison: device newer} @ https://gpsthailand.centerlink.co.th/assets/useDevices-B2-6rL_C-1787732399449.js:0
[  108441ms] [LOG] [DEBUG 86-0605] {deviceLastUpdate: 2026-08-26T08:22:59.584Z, gpsFixTime: 2026-08-23T00:37:55.000Z, comparison: device newer} @ https://gpsthailand.centerlink.co.th/assets/useDevices-B2-6rL_C-1787732399449.js:0
[  108443ms] [LOG] [DEBUG 86-0605] {deviceLastUpdate: 2026-08-26T08:22:59.584Z, gpsFixTime: 2026-08-23T00:37:55.000Z, comparison: device newer} @ https://gpsthailand.centerlink.co.th/assets/useDevices-B2-6rL_C-1787732399449.js:0
[  110345ms] [ERROR] Failed to load resource: the server responded with a status of 503 () @ https://api.centerlink.co.th/api/positions?deviceId=225:0
[  110358ms] [ERROR] Failed to load resource: the server responded with a status of 503 () @ https://api.centerlink.co.th/api/positions?deviceId=119:0
[  112212ms] [LOG] [DEBUG 86-0605] {deviceLastUpdate: 2026-08-26T08:22:59.584Z, gpsFixTime: 2026-08-23T00:37:55.000Z, comparison: device newer} @ https://gpsthailand.centerlink.co.th/assets/useDevices-B2-6rL_C-1787732399449.js:0
[  112217ms] [LOG] [DEBUG 86-0605] {deviceLastUpdate: 2026-08-26T08:22:59.584Z, gpsFixTime: 2026-08-23T00:37:55.000Z, comparison: device newer} @ https://gpsthailand.centerlink.co.th/assets/useDevices-B2-6rL_C-1787732399449.js:0
[  128287ms] [LOG] [DEBUG 86-0605] {deviceLastUpdate: 2026-08-26T08:22:59.584Z, gpsFixTime: 2026-08-23T00:37:55.000Z, comparison: device newer} @ https://gpsthailand.centerlink.co.th/assets/useDevices-B2-6rL_C-1787732399449.js:0
[  128289ms] [LOG] [DEBUG 86-0605] {deviceLastUpdate: 2026-08-26T08:22:59.584Z, gpsFixTime: 2026-08-23T00:37:55.000Z, comparison: device newer} @ https://gpsthailand.centerlink.co.th/assets/useDevices-B2-6rL_C-1787732399449.js:0
[  128515ms] [LOG] [DEBUG 86-0605] {deviceLastUpdate: 2026-08-26T08:22:59.584Z, gpsFixTime: 2026-08-23T00:37:55.000Z, comparison: device newer} @ https://gpsthailand.centerlink.co.th/assets/useDevices-B2-6rL_C-1787732399449.js:0
[  128517ms] [LOG] [DEBUG 86-0605] {deviceLastUpdate: 2026-08-26T08:22:59.584Z, gpsFixTime: 2026-08-23T00:37:55.000Z, comparison: device newer} @ https://gpsthailand.centerlink.co.th/assets/useDevices-B2-6rL_C-1787732399449.js:0
[  131633ms] [LOG] [DEBUG 86-0605] {deviceLastUpdate: 2026-08-26T08:22:59.584Z, gpsFixTime: 2026-08-23T00:37:55.000Z, comparison: device newer} @ https://gpsthailand.centerlink.co.th/assets/useDevices-B2-6rL_C-1787732399449.js:0
[  131637ms] [LOG] [DEBUG 86-0605] {deviceLastUpdate: 2026-08-26T08:22:59.584Z, gpsFixTime: 2026-08-23T00:37:55.000Z, comparison: device newer} @ https://gpsthailand.centerlink.co.th/assets/useDevices-B2-6rL_C-1787732399449.js:0
[  138211ms] [LOG] [DEBUG 86-0605] {deviceLastUpdate: 2026-08-26T08:22:59.584Z, gpsFixTime: 2026-08-23T00:37:55.000Z, comparison: device newer} @ https://gpsthailand.centerlink.co.th/assets/useDevices-B2-6rL_C-1787732399449.js:0
[  138215ms] [LOG] [DEBUG 86-0605] {deviceLastUpdate: 2026-08-26T08:22:59.584Z, gpsFixTime: 2026-08-23T00:37:55.000Z, comparison: device newer} @ https://gpsthailand.centerlink.co.th/assets/useDevices-B2-6rL_C-1787732399449.js:0
[  138462ms] [LOG] [DEBUG 86-0605] {deviceLastUpdate: 2026-08-26T08:22:59.584Z, gpsFixTime: 2026-08-23T00:37:55.000Z, comparison: device newer} @ https://gpsthailand.centerlink.co.th/assets/useDevices-B2-6rL_C-1787732399449.js:0
[  138463ms] [LOG] [DEBUG 86-0605] {deviceLastUpdate: 2026-08-26T08:22:59.584Z, gpsFixTime: 2026-08-23T00:37:55.000Z, comparison: device newer} @ https://gpsthailand.centerlink.co.th/assets/useDevices-B2-6rL_C-1787732399449.js:0
[  148388ms] [LOG] [DEBUG 86-0605] {deviceLastUpdate: 2026-08-26T08:22:59.584Z, gpsFixTime: 2026-08-23T00:37:55.000Z, comparison: device newer} @ https://gpsthailand.centerlink.co.th/assets/useDevices-B2-6rL_C-1787732399449.js:0
[  148389ms] [LOG] [DEBUG 86-0605] {deviceLastUpdate: 2026-08-26T08:22:59.584Z, gpsFixTime: 2026-08-23T00:37:55.000Z, comparison: device newer} @ https://gpsthailand.centerlink.co.th/assets/useDevices-B2-6rL_C-1787732399449.js:0
[  148577ms] [LOG] [DEBUG 86-0605] {deviceLastUpdate: 2026-08-26T08:22:59.584Z, gpsFixTime: 2026-08-23T00:37:55.000Z, comparison: device newer} @ https://gpsthailand.centerlink.co.th/assets/useDevices-B2-6rL_C-1787732399449.js:0
[  148578ms] [LOG] [DEBUG 86-0605] {deviceLastUpdate: 2026-08-26T08:22:59.584Z, gpsFixTime: 2026-08-23T00:37:55.000Z, comparison: device newer} @ https://gpsthailand.centerlink.co.th/assets/useDevices-B2-6rL_C-1787732399449.js:0
[  151799ms] [LOG] [DEBUG 86-0605] {deviceLastUpdate: 2026-08-26T08:22:59.584Z, gpsFixTime: 2026-08-23T00:37:55.000Z, comparison: device newer} @ https://gpsthailand.centerlink.co.th/assets/useDevices-B2-6rL_C-1787732399449.js:0
[  151801ms] [LOG] [DEBUG 86-0605] {deviceLastUpdate: 2026-08-26T08:22:59.584Z, gpsFixTime: 2026-08-23T00:37:55.000Z, comparison: device newer} @ https://gpsthailand.centerlink.co.th/assets/useDevices-B2-6rL_C-1787732399449.js:0
[  167588ms] [LOG] [DEBUG 86-0605] {deviceLastUpdate: 2026-08-26T08:22:59.584Z, gpsFixTime: 2026-08-23T00:37:55.000Z, comparison: device newer} @ https://gpsthailand.centerlink.co.th/assets/useDevices-B2-6rL_C-1787732399449.js:0
[  168386ms] [LOG] [DEBUG 86-0605] {deviceLastUpdate: 2026-08-26T08:22:59.584Z, gpsFixTime: 2026-08-23T00:37:55.000Z, comparison: device newer} @ https://gpsthailand.centerlink.co.th/assets/useDevices-B2-6rL_C-1787732399449.js:0
[  168390ms] [LOG] [DEBUG 86-0605] {deviceLastUpdate: 2026-08-26T08:22:59.584Z, gpsFixTime: 2026-08-23T00:37:55.000Z, comparison: device newer} @ https://gpsthailand.centerlink.co.th/assets/useDevices-B2-6rL_C-1787732399449.js:0
[  168605ms] [LOG] [DEBUG 86-0605] {deviceLastUpdate: 2026-08-26T08:22:59.584Z, gpsFixTime: 2026-08-23T00:37:55.000Z, comparison: device newer} @ https://gpsthailand.centerlink.co.th/assets/useDevices-B2-6rL_C-1787732399449.js:0
[  168607ms] [LOG] [DEBUG 86-0605] {deviceLastUpdate: 2026-08-26T08:22:59.584Z, gpsFixTime: 2026-08-23T00:37:55.000Z, comparison: device newer} @ https://gpsthailand.centerlink.co.th/assets/useDevices-B2-6rL_C-1787732399449.js:0
[  168879ms] [LOG] [DEBUG 86-0605] {deviceLastUpdate: 2026-08-26T08:22:59.584Z, gpsFixTime: 2026-08-23T00:37:55.000Z, comparison: device newer} @ https://gpsthailand.centerlink.co.th/assets/useDevices-B2-6rL_C-1787732399449.js:0
[  168881ms] [LOG] [DEBUG 86-0605] {deviceLastUpdate: 2026-08-26T08:22:59.584Z, gpsFixTime: 2026-08-23T00:37:55.000Z, comparison: device newer} @ https://gpsthailand.centerlink.co.th/assets/useDevices-B2-6rL_C-1787732399449.js:0
[  172303ms] [LOG] [DEBUG 86-0605] {deviceLastUpdate: 2026-08-26T08:22:59.584Z, gpsFixTime: 2026-08-23T00:37:55.000Z, comparison: device newer} @ https://gpsthailand.centerlink.co.th/assets/useDevices-B2-6rL_C-1787732399449.js:0
[  172305ms] [LOG] [DEBUG 86-0605] {deviceLastUpdate: 2026-08-26T08:22:59.584Z, gpsFixTime: 2026-08-23T00:37:55.000Z, comparison: device newer} @ https://gpsthailand.centerlink.co.th/assets/useDevices-B2-6rL_C-1787732399449.js:0
[  188706ms] [LOG] [DEBUG 86-0605] {deviceLastUpdate: 2026-08-26T08:22:59.584Z, gpsFixTime: 2026-08-23T00:37:55.000Z, comparison: device newer} @ https://gpsthailand.centerlink.co.th/assets/useDevices-B2-6rL_C-1787732399449.js:0
[  188712ms] [LOG] [DEBUG 86-0605] {deviceLastUpdate: 2026-08-26T08:22:59.584Z, gpsFixTime: 2026-08-23T00:37:55.000Z, comparison: device newer} @ https://gpsthailand.centerlink.co.th/assets/useDevices-B2-6rL_C-1787732399449.js:0
[  188920ms] [LOG] [DEBUG 86-0605] {deviceLastUpdate: 2026-08-26T08:22:59.584Z, gpsFixTime: 2026-08-23T00:37:55.000Z, comparison: device newer} @ https://gpsthailand.centerlink.co.th/assets/useDevices-B2-6rL_C-1787732399449.js:0
[  188921ms] [LOG] [DEBUG 86-0605] {deviceLastUpdate: 2026-08-26T08:22:59.584Z, gpsFixTime: 2026-08-23T00:37:55.000Z, comparison: device newer} @ https://gpsthailand.centerlink.co.th/assets/useDevices-B2-6rL_C-1787732399449.js:0
[  191576ms] [LOG] [DEBUG 86-0605] {deviceLastUpdate: 2026-08-26T08:22:59.584Z, gpsFixTime: 2026-08-23T00:37:55.000Z, comparison: device newer} @ https://gpsthailand.centerlink.co.th/assets/useDevices-B2-6rL_C-1787732399449.js:0
[  191578ms] [LOG] [DEBUG 86-0605] {deviceLastUpdate: 2026-08-26T08:22:59.584Z, gpsFixTime: 2026-08-23T00:37:55.000Z, comparison: device newer} @ https://gpsthailand.centerlink.co.th/assets/useDevices-B2-6rL_C-1787732399449.js:0
[  198579ms] [LOG] [DEBUG 86-0605] {deviceLastUpdate: 2026-08-26T08:22:59.584Z, gpsFixTime: 2026-08-23T00:37:55.000Z, comparison: device newer} @ https://gpsthailand.centerlink.co.th/assets/useDevices-B2-6rL_C-1787732399449.js:0
[  198583ms] [LOG] [DEBUG 86-0605] {deviceLastUpdate: 2026-08-26T08:22:59.584Z, gpsFixTime: 2026-08-23T00:37:55.000Z, comparison: device newer} @ https://gpsthailand.centerlink.co.th/assets/useDevices-B2-6rL_C-1787732399449.js:0
[  198816ms] [LOG] [DEBUG 86-0605] {deviceLastUpdate: 2026-08-26T08:22:59.584Z, gpsFixTime: 2026-08-23T00:37:55.000Z, comparison: device newer} @ https://gpsthailand.centerlink.co.th/assets/useDevices-B2-6rL_C-1787732399449.js:0
[  198818ms] [LOG] [DEBUG 86-0605] {deviceLastUpdate: 2026-08-26T08:22:59.584Z, gpsFixTime: 2026-08-23T00:37:55.000Z, comparison: device newer} @ https://gpsthailand.centerlink.co.th/assets/useDevices-B2-6rL_C-1787732399449.js:0
[  208857ms] [LOG] [DEBUG 86-0605] {deviceLastUpdate: 2026-08-26T08:22:59.584Z, gpsFixTime: 2026-08-23T00:37:55.000Z, comparison: device newer} @ https://gpsthailand.centerlink.co.th/assets/useDevices-B2-6rL_C-1787732399449.js:0
[  208860ms] [LOG] [DEBUG 86-0605] {deviceLastUpdate: 2026-08-26T08:22:59.584Z, gpsFixTime: 2026-08-23T00:37:55.000Z, comparison: device newer} @ https://gpsthailand.centerlink.co.th/assets/useDevices-B2-6rL_C-1787732399449.js:0
[  209088ms] [LOG] [DEBUG 86-0605] {deviceLastUpdate: 2026-08-26T08:22:59.584Z, gpsFixTime: 2026-08-23T00:37:55.000Z, comparison: device newer} @ https://gpsthailand.centerlink.co.th/assets/useDevices-B2-6rL_C-1787732399449.js:0
[  209090ms] [LOG] [DEBUG 86-0605] {deviceLastUpdate: 2026-08-26T08:22:59.584Z, gpsFixTime: 2026-08-23T00:37:55.000Z, comparison: device newer} @ https://gpsthailand.centerlink.co.th/assets/useDevices-B2-6rL_C-1787732399449.js:0
[  212156ms] [LOG] [DEBUG 86-0605] {deviceLastUpdate: 2026-08-26T08:22:59.584Z, gpsFixTime: 2026-08-23T00:37:55.000Z, comparison: device newer} @ https://gpsthailand.centerlink.co.th/assets/useDevices-B2-6rL_C-1787732399449.js:0
[  212157ms] [LOG] [DEBUG 86-0605] {deviceLastUpdate: 2026-08-26T08:22:59.584Z, gpsFixTime: 2026-08-23T00:37:55.000Z, comparison: device newer} @ https://gpsthailand.centerlink.co.th/assets/useDevices-B2-6rL_C-1787732399449.js:0
[  227590ms] [LOG] [DEBUG 86-0605] {deviceLastUpdate: 2026-08-26T08:22:59.584Z, gpsFixTime: 2026-08-23T00:37:55.000Z, comparison: device newer} @ https://gpsthailand.centerlink.co.th/assets/useDevices-B2-6rL_C-1787732399449.js:0
[  228769ms] [LOG] [DEBUG 86-0605] {deviceLastUpdate: 2026-08-26T08:22:59.584Z, gpsFixTime: 2026-08-23T00:37:55.000Z, comparison: device newer} @ https://gpsthailand.centerlink.co.th/assets/useDevices-B2-6rL_C-1787732399449.js:0
[  228775ms] [LOG] [DEBUG 86-0605] {deviceLastUpdate: 2026-08-26T08:22:59.584Z, gpsFixTime: 2026-08-23T00:37:55.000Z, comparison: device newer} @ https://gpsthailand.centerlink.co.th/assets/useDevices-B2-6rL_C-1787732399449.js:0
[  229023ms] [LOG] [DEBUG 86-0605] {deviceLastUpdate: 2026-08-26T08:22:59.584Z, gpsFixTime: 2026-08-23T00:37:55.000Z, comparison: device newer} @ https://gpsthailand.centerlink.co.th/assets/useDevices-B2-6rL_C-1787732399449.js:0
[  229027ms] [LOG] [DEBUG 86-0605] {deviceLastUpdate: 2026-08-26T08:22:59.584Z, gpsFixTime: 2026-08-23T00:37:55.000Z, comparison: device newer} @ https://gpsthailand.centerlink.co.th/assets/useDevices-B2-6rL_C-1787732399449.js:0
[  229097ms] [LOG] [DEBUG 86-0605] {deviceLastUpdate: 2026-08-26T08:22:59.584Z, gpsFixTime: 2026-08-23T00:37:55.000Z, comparison: device newer} @ https://gpsthailand.centerlink.co.th/assets/useDevices-B2-6rL_C-1787732399449.js:0
[  229100ms] [LOG] [DEBUG 86-0605] {deviceLastUpdate: 2026-08-26T08:22:59.584Z, gpsFixTime: 2026-08-23T00:37:55.000Z, comparison: device newer} @ https://gpsthailand.centerlink.co.th/assets/useDevices-B2-6rL_C-1787732399449.js:0
[  229342ms] [LOG] [DEBUG 86-0605] {deviceLastUpdate: 2026-08-26T08:22:59.584Z, gpsFixTime: 2026-08-23T00:37:55.000Z, comparison: device newer} @ https://gpsthailand.centerlink.co.th/assets/useDevices-B2-6rL_C-1787732399449.js:0
[  229344ms] [LOG] [DEBUG 86-0605] {deviceLastUpdate: 2026-08-26T08:22:59.584Z, gpsFixTime: 2026-08-23T00:37:55.000Z, comparison: device newer} @ https://gpsthailand.centerlink.co.th/assets/useDevices-B2-6rL_C-1787732399449.js:0
[  232081ms] [LOG] [DEBUG 86-0605] {deviceLastUpdate: 2026-08-26T08:22:59.584Z, gpsFixTime: 2026-08-23T00:37:55.000Z, comparison: device newer} @ https://gpsthailand.centerlink.co.th/assets/useDevices-B2-6rL_C-1787732399449.js:0
[  232083ms] [LOG] [DEBUG 86-0605] {deviceLastUpdate: 2026-08-26T08:22:59.584Z, gpsFixTime: 2026-08-23T00:37:55.000Z, comparison: device newer} @ https://gpsthailand.centerlink.co.th/assets/useDevices-B2-6rL_C-1787732399449.js:0
[  249234ms] [LOG] [DEBUG 86-0605] {deviceLastUpdate: 2026-08-26T08:22:59.584Z, gpsFixTime: 2026-08-23T00:37:55.000Z, comparison: device newer} @ https://gpsthailand.centerlink.co.th/assets/useDevices-B2-6rL_C-1787732399449.js:0
[  249238ms] [LOG] [DEBUG 86-0605] {deviceLastUpdate: 2026-08-26T08:22:59.584Z, gpsFixTime: 2026-08-23T00:37:55.000Z, comparison: device newer} @ https://gpsthailand.centerlink.co.th/assets/useDevices-B2-6rL_C-1787732399449.js:0
[  249480ms] [LOG] [DEBUG 86-0605] {deviceLastUpdate: 2026-08-26T08:22:59.584Z, gpsFixTime: 2026-08-23T00:37:55.000Z, comparison: device newer} @ https://gpsthailand.centerlink.co.th/assets/useDevices-B2-6rL_C-1787732399449.js:0
[  249481ms] [LOG] [DEBUG 86-0605] {deviceLastUpdate: 2026-08-26T08:22:59.584Z, gpsFixTime: 2026-08-23T00:37:55.000Z, comparison: device newer} @ https://gpsthailand.centerlink.co.th/assets/useDevices-B2-6rL_C-1787732399449.js:0
[  252170ms] [LOG] [DEBUG 86-0605] {deviceLastUpdate: 2026-08-26T08:22:59.584Z, gpsFixTime: 2026-08-23T00:37:55.000Z, comparison: device newer} @ https://gpsthailand.centerlink.co.th/assets/useDevices-B2-6rL_C-1787732399449.js:0
[  252173ms] [LOG] [DEBUG 86-0605] {deviceLastUpdate: 2026-08-26T08:22:59.584Z, gpsFixTime: 2026-08-23T00:37:55.000Z, comparison: device newer} @ https://gpsthailand.centerlink.co.th/assets/useDevices-B2-6rL_C-1787732399449.js:0
[  258974ms] [LOG] [DEBUG 86-0605] {deviceLastUpdate: 2026-08-26T08:22:59.584Z, gpsFixTime: 2026-08-23T00:37:55.000Z, comparison: device newer} @ https://gpsthailand.centerlink.co.th/assets/useDevices-B2-6rL_C-1787732399449.js:0
[  258976ms] [LOG] [DEBUG 86-0605] {deviceLastUpdate: 2026-08-26T08:22:59.584Z, gpsFixTime: 2026-08-23T00:37:55.000Z, comparison: device newer} @ https://gpsthailand.centerlink.co.th/assets/useDevices-B2-6rL_C-1787732399449.js:0
[  259219ms] [LOG] [DEBUG 86-0605] {deviceLastUpdate: 2026-08-26T08:22:59.584Z, gpsFixTime: 2026-08-23T00:37:55.000Z, comparison: device newer} @ https://gpsthailand.centerlink.co.th/assets/useDevices-B2-6rL_C-1787732399449.js:0
[  259222ms] [LOG] [DEBUG 86-0605] {deviceLastUpdate: 2026-08-26T08:22:59.584Z, gpsFixTime: 2026-08-23T00:37:55.000Z, comparison: device newer} @ https://gpsthailand.centerlink.co.th/assets/useDevices-B2-6rL_C-1787732399449.js:0
[  269347ms] [LOG] [DEBUG 86-0605] {deviceLastUpdate: 2026-08-26T08:22:59.584Z, gpsFixTime: 2026-08-23T00:37:55.000Z, comparison: device newer} @ https://gpsthailand.centerlink.co.th/assets/useDevices-B2-6rL_C-1787732399449.js:0
[  269353ms] [LOG] [DEBUG 86-0605] {deviceLastUpdate: 2026-08-26T08:22:59.584Z, gpsFixTime: 2026-08-23T00:37:55.000Z, comparison: device newer} @ https://gpsthailand.centerlink.co.th/assets/useDevices-B2-6rL_C-1787732399449.js:0
[  269602ms] [LOG] [DEBUG 86-0605] {deviceLastUpdate: 2026-08-26T08:22:59.584Z, gpsFixTime: 2026-08-23T00:37:55.000Z, comparison: device newer} @ https://gpsthailand.centerlink.co.th/assets/useDevices-B2-6rL_C-1787732399449.js:0
[  269604ms] [LOG] [DEBUG 86-0605] {deviceLastUpdate: 2026-08-26T08:22:59.584Z, gpsFixTime: 2026-08-23T00:37:55.000Z, comparison: device newer} @ https://gpsthailand.centerlink.co.th/assets/useDevices-B2-6rL_C-1787732399449.js:0
[  273002ms] [LOG] [DEBUG 86-0605] {deviceLastUpdate: 2026-08-26T08:22:59.584Z, gpsFixTime: 2026-08-23T00:37:55.000Z, comparison: device newer} @ https://gpsthailand.centerlink.co.th/assets/useDevices-B2-6rL_C-1787732399449.js:0
[  273004ms] [LOG] [DEBUG 86-0605] {deviceLastUpdate: 2026-08-26T08:22:59.584Z, gpsFixTime: 2026-08-23T00:37:55.000Z, comparison: device newer} @ https://gpsthailand.centerlink.co.th/assets/useDevices-B2-6rL_C-1787732399449.js:0
[  287582ms] [LOG] [DEBUG 86-0605] {deviceLastUpdate: 2026-08-26T08:22:59.584Z, gpsFixTime: 2026-08-23T00:37:55.000Z, comparison: device newer} @ https://gpsthailand.centerlink.co.th/assets/useDevices-B2-6rL_C-1787732399449.js:0
[  289148ms] [LOG] [DEBUG 86-0605] {deviceLastUpdate: 2026-08-26T08:22:59.584Z, gpsFixTime: 2026-08-23T00:37:55.000Z, comparison: device newer} @ https://gpsthailand.centerlink.co.th/assets/useDevices-B2-6rL_C-1787732399449.js:0
[  289151ms] [LOG] [DEBUG 86-0605] {deviceLastUpdate: 2026-08-26T08:22:59.584Z, gpsFixTime: 2026-08-23T00:37:55.000Z, comparison: device newer} @ https://gpsthailand.centerlink.co.th/assets/useDevices-B2-6rL_C-1787732399449.js:0
[  289379ms] [LOG] [DEBUG 86-0605] {deviceLastUpdate: 2026-08-26T08:22:59.584Z, gpsFixTime: 2026-08-23T00:37:55.000Z, comparison: device newer} @ https://gpsthailand.centerlink.co.th/assets/useDevices-B2-6rL_C-1787732399449.js:0
[  289380ms] [LOG] [DEBUG 86-0605] {deviceLastUpdate: 2026-08-26T08:22:59.584Z, gpsFixTime: 2026-08-23T00:37:55.000Z, comparison: device newer} @ https://gpsthailand.centerlink.co.th/assets/useDevices-B2-6rL_C-1787732399449.js:0
[  289439ms] [LOG] [DEBUG 86-0605] {deviceLastUpdate: 2026-08-26T08:22:59.584Z, gpsFixTime: 2026-08-23T00:37:55.000Z, comparison: device newer} @ https://gpsthailand.centerlink.co.th/assets/useDevices-B2-6rL_C-1787732399449.js:0
[  289440ms] [LOG] [DEBUG 86-0605] {deviceLastUpdate: 2026-08-26T08:22:59.584Z, gpsFixTime: 2026-08-23T00:37:55.000Z, comparison: device newer} @ https://gpsthailand.centerlink.co.th/assets/useDevices-B2-6rL_C-1787732399449.js:0
[  289695ms] [LOG] [DEBUG 86-0605] {deviceLastUpdate: 2026-08-26T08:22:59.584Z, gpsFixTime: 2026-08-23T00:37:55.000Z, comparison: device newer} @ https://gpsthailand.centerlink.co.th/assets/useDevices-B2-6rL_C-1787732399449.js:0
[  289696ms] [LOG] [DEBUG 86-0605] {deviceLastUpdate: 2026-08-26T08:22:59.584Z, gpsFixTime: 2026-08-23T00:37:55.000Z, comparison: device newer} @ https://gpsthailand.centerlink.co.th/assets/useDevices-B2-6rL_C-1787732399449.js:0
[  292899ms] [LOG] [DEBUG 86-0605] {deviceLastUpdate: 2026-08-26T08:22:59.584Z, gpsFixTime: 2026-08-23T00:37:55.000Z, comparison: device newer} @ https://gpsthailand.centerlink.co.th/assets/useDevices-B2-6rL_C-1787732399449.js:0
[  292901ms] [LOG] [DEBUG 86-0605] {deviceLastUpdate: 2026-08-26T08:22:59.584Z, gpsFixTime: 2026-08-23T00:37:55.000Z, comparison: device newer} @ https://gpsthailand.centerlink.co.th/assets/useDevices-B2-6rL_C-1787732399449.js:0
[  309549ms] [LOG] [DEBUG 86-0605] {deviceLastUpdate: 2026-08-26T08:22:59.584Z, gpsFixTime: 2026-08-23T00:37:55.000Z, comparison: device newer} @ https://gpsthailand.centerlink.co.th/assets/useDevices-B2-6rL_C-1787732399449.js:0
[  309552ms] [LOG] [DEBUG 86-0605] {deviceLastUpdate: 2026-08-26T08:22:59.584Z, gpsFixTime: 2026-08-23T00:37:55.000Z, comparison: device newer} @ https://gpsthailand.centerlink.co.th/assets/useDevices-B2-6rL_C-1787732399449.js:0
[  309809ms] [LOG] [DEBUG 86-0605] {deviceLastUpdate: 2026-08-26T08:22:59.584Z, gpsFixTime: 2026-08-23T00:37:55.000Z, comparison: device newer} @ https://gpsthailand.centerlink.co.th/assets/useDevices-B2-6rL_C-1787732399449.js:0
[  309810ms] [LOG] [DEBUG 86-0605] {deviceLastUpdate: 2026-08-26T08:22:59.584Z, gpsFixTime: 2026-08-23T00:37:55.000Z, comparison: device newer} @ https://gpsthailand.centerlink.co.th/assets/useDevices-B2-6rL_C-1787732399449.js:0
[  312571ms] [LOG] [DEBUG 86-0605] {deviceLastUpdate: 2026-08-26T08:22:59.584Z, gpsFixTime: 2026-08-23T00:37:55.000Z, comparison: device newer} @ https://gpsthailand.centerlink.co.th/assets/useDevices-B2-6rL_C-1787732399449.js:0
[  312574ms] [LOG] [DEBUG 86-0605] {deviceLastUpdate: 2026-08-26T08:22:59.584Z, gpsFixTime: 2026-08-23T00:37:55.000Z, comparison: device newer} @ https://gpsthailand.centerlink.co.th/assets/useDevices-B2-6rL_C-1787732399449.js:0
[  319314ms] [LOG] [DEBUG 86-0605] {deviceLastUpdate: 2026-08-26T08:22:59.584Z, gpsFixTime: 2026-08-23T00:37:55.000Z, comparison: device newer} @ https://gpsthailand.centerlink.co.th/assets/useDevices-B2-6rL_C-1787732399449.js:0
[  319322ms] [LOG] [DEBUG 86-0605] {deviceLastUpdate: 2026-08-26T08:22:59.584Z, gpsFixTime: 2026-08-23T00:37:55.000Z, comparison: device newer} @ https://gpsthailand.centerlink.co.th/assets/useDevices-B2-6rL_C-1787732399449.js:0
[  319564ms] [LOG] [DEBUG 86-0605] {deviceLastUpdate: 2026-08-26T08:22:59.584Z, gpsFixTime: 2026-08-23T00:37:55.000Z, comparison: device newer} @ https://gpsthailand.centerlink.co.th/assets/useDevices-B2-6rL_C-1787732399449.js:0
[  319568ms] [LOG] [DEBUG 86-0605] {deviceLastUpdate: 2026-08-26T08:22:59.584Z, gpsFixTime: 2026-08-23T00:37:55.000Z, comparison: device newer} @ https://gpsthailand.centerlink.co.th/assets/useDevices-B2-6rL_C-1787732399449.js:0
[  329681ms] [LOG] [DEBUG 86-0605] {deviceLastUpdate: 2026-08-26T08:22:59.584Z, gpsFixTime: 2026-08-23T00:37:55.000Z, comparison: device newer} @ https://gpsthailand.centerlink.co.th/assets/useDevices-B2-6rL_C-1787732399449.js:0
[  329686ms] [LOG] [DEBUG 86-0605] {deviceLastUpdate: 2026-08-26T08:22:59.584Z, gpsFixTime: 2026-08-23T00:37:55.000Z, comparison: device newer} @ https://gpsthailand.centerlink.co.th/assets/useDevices-B2-6rL_C-1787732399449.js:0
[  329977ms] [LOG] [DEBUG 86-0605] {deviceLastUpdate: 2026-08-26T08:22:59.584Z, gpsFixTime: 2026-08-23T00:37:55.000Z, comparison: device newer} @ https://gpsthailand.centerlink.co.th/assets/useDevices-B2-6rL_C-1787732399449.js:0
[  329980ms] [LOG] [DEBUG 86-0605] {deviceLastUpdate: 2026-08-26T08:22:59.584Z, gpsFixTime: 2026-08-23T00:37:55.000Z, comparison: device newer} @ https://gpsthailand.centerlink.co.th/assets/useDevices-B2-6rL_C-1787732399449.js:0
[  333163ms] [LOG] [DEBUG 86-0605] {deviceLastUpdate: 2026-08-26T08:22:59.584Z, gpsFixTime: 2026-08-23T00:37:55.000Z, comparison: device newer} @ https://gpsthailand.centerlink.co.th/assets/useDevices-B2-6rL_C-1787732399449.js:0
[  333165ms] [LOG] [DEBUG 86-0605] {deviceLastUpdate: 2026-08-26T08:22:59.584Z, gpsFixTime: 2026-08-23T00:37:55.000Z, comparison: device newer} @ https://gpsthailand.centerlink.co.th/assets/useDevices-B2-6rL_C-1787732399449.js:0
[  347579ms] [LOG] [DEBUG 86-0605] {deviceLastUpdate: 2026-08-26T08:22:59.584Z, gpsFixTime: 2026-08-23T00:37:55.000Z, comparison: device newer} @ https://gpsthailand.centerlink.co.th/assets/useDevices-B2-6rL_C-1787732399449.js:0
[  349474ms] [LOG] [DEBUG 86-0605] {deviceLastUpdate: 2026-08-26T08:22:59.584Z, gpsFixTime: 2026-08-23T00:37:55.000Z, comparison: device newer} @ https://gpsthailand.centerlink.co.th/assets/useDevices-B2-6rL_C-1787732399449.js:0
[  349476ms] [LOG] [DEBUG 86-0605] {deviceLastUpdate: 2026-08-26T08:22:59.584Z, gpsFixTime: 2026-08-23T00:37:55.000Z, comparison: device newer} @ https://gpsthailand.centerlink.co.th/assets/useDevices-B2-6rL_C-1787732399449.js:0
[  349686ms] [LOG] [DEBUG 86-0605] {deviceLastUpdate: 2026-08-26T08:22:59.584Z, gpsFixTime: 2026-08-23T00:37:55.000Z, comparison: device newer} @ https://gpsthailand.centerlink.co.th/assets/useDevices-B2-6rL_C-1787732399449.js:0
[  349688ms] [LOG] [DEBUG 86-0605] {deviceLastUpdate: 2026-08-26T08:22:59.584Z, gpsFixTime: 2026-08-23T00:37:55.000Z, comparison: device newer} @ https://gpsthailand.centerlink.co.th/assets/useDevices-B2-6rL_C-1787732399449.js:0
[  349792ms] [LOG] [DEBUG 86-0605] {deviceLastUpdate: 2026-08-26T08:22:59.584Z, gpsFixTime: 2026-08-23T00:37:55.000Z, comparison: device newer} @ https://gpsthailand.centerlink.co.th/assets/useDevices-B2-6rL_C-1787732399449.js:0
[  349794ms] [LOG] [DEBUG 86-0605] {deviceLastUpdate: 2026-08-26T08:22:59.584Z, gpsFixTime: 2026-08-23T00:37:55.000Z, comparison: device newer} @ https://gpsthailand.centerlink.co.th/assets/useDevices-B2-6rL_C-1787732399449.js:0
[  350094ms] [LOG] [DEBUG 86-0605] {deviceLastUpdate: 2026-08-26T08:22:59.584Z, gpsFixTime: 2026-08-23T00:37:55.000Z, comparison: device newer} @ https://gpsthailand.centerlink.co.th/assets/useDevices-B2-6rL_C-1787732399449.js:0
[  350098ms] [LOG] [DEBUG 86-0605] {deviceLastUpdate: 2026-08-26T08:22:59.584Z, gpsFixTime: 2026-08-23T00:37:55.000Z, comparison: device newer} @ https://gpsthailand.centerlink.co.th/assets/useDevices-B2-6rL_C-1787732399449.js:0
[  352672ms] [LOG] [DEBUG 86-0605] {deviceLastUpdate: 2026-08-26T08:22:59.584Z, gpsFixTime: 2026-08-23T00:37:55.000Z, comparison: device newer} @ https://gpsthailand.centerlink.co.th/assets/useDevices-B2-6rL_C-1787732399449.js:0
[  352673ms] [LOG] [DEBUG 86-0605] {deviceLastUpdate: 2026-08-26T08:22:59.584Z, gpsFixTime: 2026-08-23T00:37:55.000Z, comparison: device newer} @ https://gpsthailand.centerlink.co.th/assets/useDevices-B2-6rL_C-1787732399449.js:0
[  369961ms] [LOG] [DEBUG 86-0605] {deviceLastUpdate: 2026-08-26T08:22:59.584Z, gpsFixTime: 2026-08-23T00:37:55.000Z, comparison: device newer} @ https://gpsthailand.centerlink.co.th/assets/useDevices-B2-6rL_C-1787732399449.js:0
[  369963ms] [LOG] [DEBUG 86-0605] {deviceLastUpdate: 2026-08-26T08:22:59.584Z, gpsFixTime: 2026-08-23T00:37:55.000Z, comparison: device newer} @ https://gpsthailand.centerlink.co.th/assets/useDevices-B2-6rL_C-1787732399449.js:0
[  370484ms] [LOG] [DEBUG 86-0605] {deviceLastUpdate: 2026-08-26T08:22:59.584Z, gpsFixTime: 2026-08-23T00:37:55.000Z, comparison: device newer} @ https://gpsthailand.centerlink.co.th/assets/useDevices-B2-6rL_C-1787732399449.js:0
[  370486ms] [LOG] [DEBUG 86-0605] {deviceLastUpdate: 2026-08-26T08:22:59.584Z, gpsFixTime: 2026-08-23T00:37:55.000Z, comparison: device newer} @ https://gpsthailand.centerlink.co.th/assets/useDevices-B2-6rL_C-1787732399449.js:0
[  373329ms] [LOG] [DEBUG 86-0605] {deviceLastUpdate: 2026-08-26T08:22:59.584Z, gpsFixTime: 2026-08-23T00:37:55.000Z, comparison: device newer} @ https://gpsthailand.centerlink.co.th/assets/useDevices-B2-6rL_C-1787732399449.js:0
[  373332ms] [LOG] [DEBUG 86-0605] {deviceLastUpdate: 2026-08-26T08:22:59.584Z, gpsFixTime: 2026-08-23T00:37:55.000Z, comparison: device newer} @ https://gpsthailand.centerlink.co.th/assets/useDevices-B2-6rL_C-1787732399449.js:0
[  379626ms] [LOG] [DEBUG 86-0605] {deviceLastUpdate: 2026-08-26T08:22:59.584Z, gpsFixTime: 2026-08-23T00:37:55.000Z, comparison: device newer} @ https://gpsthailand.centerlink.co.th/assets/useDevices-B2-6rL_C-1787732399449.js:0
[  379628ms] [LOG] [DEBUG 86-0605] {deviceLastUpdate: 2026-08-26T08:22:59.584Z, gpsFixTime: 2026-08-23T00:37:55.000Z, comparison: device newer} @ https://gpsthailand.centerlink.co.th/assets/useDevices-B2-6rL_C-1787732399449.js:0
[  379830ms] [LOG] [DEBUG 86-0605] {deviceLastUpdate: 2026-08-26T08:22:59.584Z, gpsFixTime: 2026-08-23T00:37:55.000Z, comparison: device newer} @ https://gpsthailand.centerlink.co.th/assets/useDevices-B2-6rL_C-1787732399449.js:0
[  379832ms] [LOG] [DEBUG 86-0605] {deviceLastUpdate: 2026-08-26T08:22:59.584Z, gpsFixTime: 2026-08-23T00:37:55.000Z, comparison: device newer} @ https://gpsthailand.centerlink.co.th/assets/useDevices-B2-6rL_C-1787732399449.js:0
[  390078ms] [LOG] [DEBUG 86-0605] {deviceLastUpdate: 2026-08-26T08:22:59.584Z, gpsFixTime: 2026-08-23T00:37:55.000Z, comparison: device newer} @ https://gpsthailand.centerlink.co.th/assets/useDevices-B2-6rL_C-1787732399449.js:0
[  390081ms] [LOG] [DEBUG 86-0605] {deviceLastUpdate: 2026-08-26T08:22:59.584Z, gpsFixTime: 2026-08-23T00:37:55.000Z, comparison: device newer} @ https://gpsthailand.centerlink.co.th/assets/useDevices-B2-6rL_C-1787732399449.js:0
[  390284ms] [LOG] [DEBUG 86-0605] {deviceLastUpdate: 2026-08-26T08:22:59.584Z, gpsFixTime: 2026-08-23T00:37:55.000Z, comparison: device newer} @ https://gpsthailand.centerlink.co.th/assets/useDevices-B2-6rL_C-1787732399449.js:0
[  390286ms] [LOG] [DEBUG 86-0605] {deviceLastUpdate: 2026-08-26T08:22:59.584Z, gpsFixTime: 2026-08-23T00:37:55.000Z, comparison: device newer} @ https://gpsthailand.centerlink.co.th/assets/useDevices-B2-6rL_C-1787732399449.js:0
[  393316ms] [LOG] [DEBUG 86-0605] {deviceLastUpdate: 2026-08-26T08:22:59.584Z, gpsFixTime: 2026-08-23T00:37:55.000Z, comparison: device newer} @ https://gpsthailand.centerlink.co.th/assets/useDevices-B2-6rL_C-1787732399449.js:0
[  393318ms] [LOG] [DEBUG 86-0605] {deviceLastUpdate: 2026-08-26T08:22:59.584Z, gpsFixTime: 2026-08-23T00:37:55.000Z, comparison: device newer} @ https://gpsthailand.centerlink.co.th/assets/useDevices-B2-6rL_C-1787732399449.js:0
[  407574ms] [LOG] [DEBUG 86-0605] {deviceLastUpdate: 2026-08-26T08:22:59.584Z, gpsFixTime: 2026-08-23T00:37:55.000Z, comparison: device newer} @ https://gpsthailand.centerlink.co.th/assets/useDevices-B2-6rL_C-1787732399449.js:0
[  409830ms] [LOG] [DEBUG 86-0605] {deviceLastUpdate: 2026-08-26T08:22:59.584Z, gpsFixTime: 2026-08-23T00:37:55.000Z, comparison: device newer} @ https://gpsthailand.centerlink.co.th/assets/useDevices-B2-6rL_C-1787732399449.js:0
[  409833ms] [LOG] [DEBUG 86-0605] {deviceLastUpdate: 2026-08-26T08:22:59.584Z, gpsFixTime: 2026-08-23T00:37:55.000Z, comparison: device newer} @ https://gpsthailand.centerlink.co.th/assets/useDevices-B2-6rL_C-1787732399449.js:0
[  410112ms] [LOG] [DEBUG 86-0605] {deviceLastUpdate: 2026-08-26T08:22:59.584Z, gpsFixTime: 2026-08-23T00:37:55.000Z, comparison: device newer} @ https://gpsthailand.centerlink.co.th/assets/useDevices-B2-6rL_C-1787732399449.js:0
[  410114ms] [LOG] [DEBUG 86-0605] {deviceLastUpdate: 2026-08-26T08:22:59.584Z, gpsFixTime: 2026-08-23T00:37:55.000Z, comparison: device newer} @ https://gpsthailand.centerlink.co.th/assets/useDevices-B2-6rL_C-1787732399449.js:0
[  410208ms] [LOG] [DEBUG 86-0605] {deviceLastUpdate: 2026-08-26T08:22:59.584Z, gpsFixTime: 2026-08-23T00:37:55.000Z, comparison: device newer} @ https://gpsthailand.centerlink.co.th/assets/useDevices-B2-6rL_C-1787732399449.js:0
[  410209ms] [LOG] [DEBUG 86-0605] {deviceLastUpdate: 2026-08-26T08:22:59.584Z, gpsFixTime: 2026-08-23T00:37:55.000Z, comparison: device newer} @ https://gpsthailand.centerlink.co.th/assets/useDevices-B2-6rL_C-1787732399449.js:0
[  410442ms] [LOG] [DEBUG 86-0605] {deviceLastUpdate: 2026-08-26T08:22:59.584Z, gpsFixTime: 2026-08-23T00:37:55.000Z, comparison: device newer} @ https://gpsthailand.centerlink.co.th/assets/useDevices-B2-6rL_C-1787732399449.js:0
[  410443ms] [LOG] [DEBUG 86-0605] {deviceLastUpdate: 2026-08-26T08:22:59.584Z, gpsFixTime: 2026-08-23T00:37:55.000Z, comparison: device newer} @ https://gpsthailand.centerlink.co.th/assets/useDevices-B2-6rL_C-1787732399449.js:0
[  413563ms] [LOG] [DEBUG 86-0605] {deviceLastUpdate: 2026-08-26T08:22:59.584Z, gpsFixTime: 2026-08-23T00:37:55.000Z, comparison: device newer} @ https://gpsthailand.centerlink.co.th/assets/useDevices-B2-6rL_C-1787732399449.js:0
[  413564ms] [LOG] [DEBUG 86-0605] {deviceLastUpdate: 2026-08-26T08:22:59.584Z, gpsFixTime: 2026-08-23T00:37:55.000Z, comparison: device newer} @ https://gpsthailand.centerlink.co.th/assets/useDevices-B2-6rL_C-1787732399449.js:0
[  430353ms] [LOG] [DEBUG 86-0605] {deviceLastUpdate: 2026-08-26T08:22:59.584Z, gpsFixTime: 2026-08-23T00:37:55.000Z, comparison: device newer} @ https://gpsthailand.centerlink.co.th/assets/useDevices-B2-6rL_C-1787732399449.js:0
[  430355ms] [LOG] [DEBUG 86-0605] {deviceLastUpdate: 2026-08-26T08:22:59.584Z, gpsFixTime: 2026-08-23T00:37:55.000Z, comparison: device newer} @ https://gpsthailand.centerlink.co.th/assets/useDevices-B2-6rL_C-1787732399449.js:0
[  430564ms] [LOG] [DEBUG 86-0605] {deviceLastUpdate: 2026-08-26T08:22:59.584Z, gpsFixTime: 2026-08-23T00:37:55.000Z, comparison: device newer} @ https://gpsthailand.centerlink.co.th/assets/useDevices-B2-6rL_C-1787732399449.js:0
[  430565ms] [LOG] [DEBUG 86-0605] {deviceLastUpdate: 2026-08-26T08:22:59.584Z, gpsFixTime: 2026-08-23T00:37:55.000Z, comparison: device newer} @ https://gpsthailand.centerlink.co.th/assets/useDevices-B2-6rL_C-1787732399449.js:0
[  433548ms] [LOG] [DEBUG 86-0605] {deviceLastUpdate: 2026-08-26T08:22:59.584Z, gpsFixTime: 2026-08-23T00:37:55.000Z, comparison: device newer} @ https://gpsthailand.centerlink.co.th/assets/useDevices-B2-6rL_C-1787732399449.js:0
[  433551ms] [LOG] [DEBUG 86-0605] {deviceLastUpdate: 2026-08-26T08:22:59.584Z, gpsFixTime: 2026-08-23T00:37:55.000Z, comparison: device newer} @ https://gpsthailand.centerlink.co.th/assets/useDevices-B2-6rL_C-1787732399449.js:0
[  439966ms] [LOG] [DEBUG 86-0605] {deviceLastUpdate: 2026-08-26T08:28:30.588Z, gpsFixTime: 2026-08-23T00:37:55.000Z, comparison: device newer} @ https://gpsthailand.centerlink.co.th/assets/useDevices-B2-6rL_C-1787732399449.js:0
[  439968ms] [LOG] [DEBUG 86-0605] {deviceLastUpdate: 2026-08-26T08:28:30.588Z, gpsFixTime: 2026-08-23T00:37:55.000Z, comparison: device newer} @ https://gpsthailand.centerlink.co.th/assets/useDevices-B2-6rL_C-1787732399449.js:0
[  440160ms] [LOG] [DEBUG 86-0605] {deviceLastUpdate: 2026-08-26T08:28:30.588Z, gpsFixTime: 2026-08-23T00:37:55.000Z, comparison: device newer} @ https://gpsthailand.centerlink.co.th/assets/useDevices-B2-6rL_C-1787732399449.js:0
[  440161ms] [LOG] [DEBUG 86-0605] {deviceLastUpdate: 2026-08-26T08:28:30.588Z, gpsFixTime: 2026-08-23T00:37:55.000Z, comparison: device newer} @ https://gpsthailand.centerlink.co.th/assets/useDevices-B2-6rL_C-1787732399449.js:0
[  450458ms] [LOG] [DEBUG 86-0605] {deviceLastUpdate: 2026-08-26T08:28:30.588Z, gpsFixTime: 2026-08-23T00:37:55.000Z, comparison: device newer} @ https://gpsthailand.centerlink.co.th/assets/useDevices-B2-6rL_C-1787732399449.js:0
[  450459ms] [LOG] [DEBUG 86-0605] {deviceLastUpdate: 2026-08-26T08:28:30.588Z, gpsFixTime: 2026-08-23T00:37:55.000Z, comparison: device newer} @ https://gpsthailand.centerlink.co.th/assets/useDevices-B2-6rL_C-1787732399449.js:0
[  450652ms] [LOG] [DEBUG 86-0605] {deviceLastUpdate: 2026-08-26T08:28:30.588Z, gpsFixTime: 2026-08-23T00:37:55.000Z, comparison: device newer} @ https://gpsthailand.centerlink.co.th/assets/useDevices-B2-6rL_C-1787732399449.js:0
[  450654ms] [LOG] [DEBUG 86-0605] {deviceLastUpdate: 2026-08-26T08:28:30.588Z, gpsFixTime: 2026-08-23T00:37:55.000Z, comparison: device newer} @ https://gpsthailand.centerlink.co.th/assets/useDevices-B2-6rL_C-1787732399449.js:0
[  453406ms] [LOG] [DEBUG 86-0605] {deviceLastUpdate: 2026-08-26T08:28:30.588Z, gpsFixTime: 2026-08-23T00:37:55.000Z, comparison: device newer} @ https://gpsthailand.centerlink.co.th/assets/useDevices-B2-6rL_C-1787732399449.js:0
[  453409ms] [LOG] [DEBUG 86-0605] {deviceLastUpdate: 2026-08-26T08:28:30.588Z, gpsFixTime: 2026-08-23T00:37:55.000Z, comparison: device newer} @ https://gpsthailand.centerlink.co.th/assets/useDevices-B2-6rL_C-1787732399449.js:0
[  464067ms] [LOG] [tenantService] rowToTenant INPUT: {slug: gpsthailand, data.theme: Object, data.theme.primaryColor: #ff8800, full row.data keys: Array(13)} @ https://gpsthailand.centerlink.co.th/assets/index-D-9wXc7s-1787732399449.js:236
[  464067ms] [LOG] [tenantService] rowToTenant OUTPUT: {slug: gpsthailand, theme.primaryColor: #ff8800, theme exists: true} @ https://gpsthailand.centerlink.co.th/assets/index-D-9wXc7s-1787732399449.js:236
[  464925ms] [LOG] [LayoutV2] Applying brand colors: {tenantTheme.primaryColor: #ff8800, slug: gpsthailand, finalColor: #ff8800, tenantLoading: false} @ https://gpsthailand.centerlink.co.th/assets/LayoutV2-D3iYjxEo-1787732399449.js:21
[  466321ms] [ERROR] Failed to load resource: the server responded with a status of 503 () @ https://api.centerlink.co.th/api/positions?deviceId=42:0
[  466324ms] [ERROR] Failed to load resource: the server responded with a status of 503 () @ https://api.centerlink.co.th/api/positions?deviceId=176:0
[  466330ms] [ERROR] Failed to load resource: the server responded with a status of 503 () @ https://api.centerlink.co.th/api/positions?deviceId=67:0
[  467552ms] [ERROR] Failed to load resource: the server responded with a status of 503 () @ https://api.centerlink.co.th/api/positions?deviceId=225:0
[  467559ms] [ERROR] Failed to load resource: the server responded with a status of 503 () @ https://api.centerlink.co.th/api/positions?deviceId=68:0
[  469433ms] [LOG] [DEBUG 86-0605] {deviceLastUpdate: 2026-08-26T08:28:30.588Z, gpsFixTime: 2026-08-23T00:37:55.000Z, comparison: device newer} @ https://gpsthailand.centerlink.co.th/assets/useDevices-B2-6rL_C-1787732399449.js:0
[  469435ms] [LOG] [DEBUG 86-0605] {deviceLastUpdate: 2026-08-26T08:28:30.588Z, gpsFixTime: 2026-08-23T00:37:55.000Z, comparison: device newer} @ https://gpsthailand.centerlink.co.th/assets/useDevices-B2-6rL_C-1787732399449.js:0
[  477362ms] [LOG] [tenantService] rowToTenant INPUT: {slug: gpsthailand, data.theme: Object, data.theme.primaryColor: #ff8800, full row.data keys: Array(13)} @ https://gpsthailand.centerlink.co.th/assets/index-J6LyMpSc-1787732912223.js:236
[  477363ms] [LOG] [tenantService] rowToTenant OUTPUT: {slug: gpsthailand, theme.primaryColor: #ff8800, theme exists: true} @ https://gpsthailand.centerlink.co.th/assets/index-J6LyMpSc-1787732912223.js:236
[  478296ms] [LOG] [LayoutV2] Applying brand colors: {tenantTheme.primaryColor: #ff8800, slug: gpsthailand, finalColor: #ff8800, tenantLoading: false} @ https://gpsthailand.centerlink.co.th/assets/LayoutV2-Tx9dUyI9-1787732912223.js:21
[  481517ms] [ERROR] Failed to load resource: the server responded with a status of 503 () @ https://api.centerlink.co.th/api/positions?deviceId=133:0
[  481573ms] [ERROR] Failed to load resource: the server responded with a status of 503 () @ https://api.centerlink.co.th/api/positions?deviceId=250:0
[  499942ms] [ERROR] Failed to load resource: the server responded with a status of 503 () @ https://api.centerlink.co.th/api/positions?deviceId=29:0
